Archive member included to satisfy reference by file (symbol)

D:/ST/STM32CubeIDE_1.14.1/STM32CubeIDE/plugins/com.st.stm32cube.ide.mcu.externaltools.gnu-tools-for-stm32.11.3.rel1.win32_1.1.100.202309141235/tools/bin/../lib/gcc/arm-none-eabi/11.3.1/../../../../arm-none-eabi/lib/thumb/v7e-m+fp/hard\libc_nano.a(libc_a-exit.o)
                              D:/ST/STM32CubeIDE_1.14.1/STM32CubeIDE/plugins/com.st.stm32cube.ide.mcu.externaltools.gnu-tools-for-stm32.11.3.rel1.win32_1.1.100.202309141235/tools/bin/../lib/gcc/arm-none-eabi/11.3.1/../../../../arm-none-eabi/lib/thumb/v7e-m+fp/hard/crt0.o (exit)
D:/ST/STM32CubeIDE_1.14.1/STM32CubeIDE/plugins/com.st.stm32cube.ide.mcu.externaltools.gnu-tools-for-stm32.11.3.rel1.win32_1.1.100.202309141235/tools/bin/../lib/gcc/arm-none-eabi/11.3.1/../../../../arm-none-eabi/lib/thumb/v7e-m+fp/hard\libc_nano.a(libc_a-itoa.o)
                              ./Core/Src/main.o (itoa)
D:/ST/STM32CubeIDE_1.14.1/STM32CubeIDE/plugins/com.st.stm32cube.ide.mcu.externaltools.gnu-tools-for-stm32.11.3.rel1.win32_1.1.100.202309141235/tools/bin/../lib/gcc/arm-none-eabi/11.3.1/../../../../arm-none-eabi/lib/thumb/v7e-m+fp/hard\libc_nano.a(libc_a-utoa.o)
                              D:/ST/STM32CubeIDE_1.14.1/STM32CubeIDE/plugins/com.st.stm32cube.ide.mcu.externaltools.gnu-tools-for-stm32.11.3.rel1.win32_1.1.100.202309141235/tools/bin/../lib/gcc/arm-none-eabi/11.3.1/../../../../arm-none-eabi/lib/thumb/v7e-m+fp/hard\libc_nano.a(libc_a-itoa.o) (__utoa)
D:/ST/STM32CubeIDE_1.14.1/STM32CubeIDE/plugins/com.st.stm32cube.ide.mcu.externaltools.gnu-tools-for-stm32.11.3.rel1.win32_1.1.100.202309141235/tools/bin/../lib/gcc/arm-none-eabi/11.3.1/../../../../arm-none-eabi/lib/thumb/v7e-m+fp/hard\libc_nano.a(libc_a-findfp.o)
                              D:/ST/STM32CubeIDE_1.14.1/STM32CubeIDE/plugins/com.st.stm32cube.ide.mcu.externaltools.gnu-tools-for-stm32.11.3.rel1.win32_1.1.100.202309141235/tools/bin/../lib/gcc/arm-none-eabi/11.3.1/../../../../arm-none-eabi/lib/thumb/v7e-m+fp/hard\libc_nano.a(libc_a-exit.o) (__stdio_exit_handler)
D:/ST/STM32CubeIDE_1.14.1/STM32CubeIDE/plugins/com.st.stm32cube.ide.mcu.externaltools.gnu-tools-for-stm32.11.3.rel1.win32_1.1.100.202309141235/tools/bin/../lib/gcc/arm-none-eabi/11.3.1/../../../../arm-none-eabi/lib/thumb/v7e-m+fp/hard\libc_nano.a(libc_a-fwalk.o)
                              D:/ST/STM32CubeIDE_1.14.1/STM32CubeIDE/plugins/com.st.stm32cube.ide.mcu.externaltools.gnu-tools-for-stm32.11.3.rel1.win32_1.1.100.202309141235/tools/bin/../lib/gcc/arm-none-eabi/11.3.1/../../../../arm-none-eabi/lib/thumb/v7e-m+fp/hard\libc_nano.a(libc_a-findfp.o) (_fwalk_sglue)
D:/ST/STM32CubeIDE_1.14.1/STM32CubeIDE/plugins/com.st.stm32cube.ide.mcu.externaltools.gnu-tools-for-stm32.11.3.rel1.win32_1.1.100.202309141235/tools/bin/../lib/gcc/arm-none-eabi/11.3.1/../../../../arm-none-eabi/lib/thumb/v7e-m+fp/hard\libc_nano.a(libc_a-stdio.o)
                              D:/ST/STM32CubeIDE_1.14.1/STM32CubeIDE/plugins/com.st.stm32cube.ide.mcu.externaltools.gnu-tools-for-stm32.11.3.rel1.win32_1.1.100.202309141235/tools/bin/../lib/gcc/arm-none-eabi/11.3.1/../../../../arm-none-eabi/lib/thumb/v7e-m+fp/hard\libc_nano.a(libc_a-findfp.o) (__sread)
D:/ST/STM32CubeIDE_1.14.1/STM32CubeIDE/plugins/com.st.stm32cube.ide.mcu.externaltools.gnu-tools-for-stm32.11.3.rel1.win32_1.1.100.202309141235/tools/bin/../lib/gcc/arm-none-eabi/11.3.1/../../../../arm-none-eabi/lib/thumb/v7e-m+fp/hard\libc_nano.a(libc_a-memset.o)
                              D:/ST/STM32CubeIDE_1.14.1/STM32CubeIDE/plugins/com.st.stm32cube.ide.mcu.externaltools.gnu-tools-for-stm32.11.3.rel1.win32_1.1.100.202309141235/tools/bin/../lib/gcc/arm-none-eabi/11.3.1/../../../../arm-none-eabi/lib/thumb/v7e-m+fp/hard/crt0.o (memset)
D:/ST/STM32CubeIDE_1.14.1/STM32CubeIDE/plugins/com.st.stm32cube.ide.mcu.externaltools.gnu-tools-for-stm32.11.3.rel1.win32_1.1.100.202309141235/tools/bin/../lib/gcc/arm-none-eabi/11.3.1/../../../../arm-none-eabi/lib/thumb/v7e-m+fp/hard\libc_nano.a(libc_a-closer.o)
                              D:/ST/STM32CubeIDE_1.14.1/STM32CubeIDE/plugins/com.st.stm32cube.ide.mcu.externaltools.gnu-tools-for-stm32.11.3.rel1.win32_1.1.100.202309141235/tools/bin/../lib/gcc/arm-none-eabi/11.3.1/../../../../arm-none-eabi/lib/thumb/v7e-m+fp/hard\libc_nano.a(libc_a-stdio.o) (_close_r)
D:/ST/STM32CubeIDE_1.14.1/STM32CubeIDE/plugins/com.st.stm32cube.ide.mcu.externaltools.gnu-tools-for-stm32.11.3.rel1.win32_1.1.100.202309141235/tools/bin/../lib/gcc/arm-none-eabi/11.3.1/../../../../arm-none-eabi/lib/thumb/v7e-m+fp/hard\libc_nano.a(libc_a-reent.o)
                              D:/ST/STM32CubeIDE_1.14.1/STM32CubeIDE/plugins/com.st.stm32cube.ide.mcu.externaltools.gnu-tools-for-stm32.11.3.rel1.win32_1.1.100.202309141235/tools/bin/../lib/gcc/arm-none-eabi/11.3.1/../../../../arm-none-eabi/lib/thumb/v7e-m+fp/hard\libc_nano.a(libc_a-closer.o) (errno)
[...]
Memory Configuration

Name             Origin             Length             Attributes
RAM              0x0000000020000000 0x0000000000020000 xrw
FLASH            0x0000000008000000 0x0000000000080000 xr
*default*        0x0000000000000000 0xffffffffffffffff

Linker script and memory map

LOAD D:/ST/STM32CubeIDE_1.14.1/STM32CubeIDE/plugins/com.st.stm32cube.ide.mcu.externaltools.gnu-tools-for-stm32.11.3.rel1.win32_1.1.100.202309141235/tools/bin/../lib/gcc/arm-none-eabi/11.3.1/thumb/v7e-m+fp/hard/crti.o
LOAD D:/ST/STM32CubeIDE_1.14.1/STM32CubeIDE/plugins/com.st.stm32cube.ide.mcu.externaltools.gnu-tools-for-stm32.11.3.rel1.win32_1.1.100.202309141235/tools/bin/../lib/gcc/arm-none-eabi/11.3.1/thumb/v7e-m+fp/hard/crtbegin.o
LOAD D:/ST/STM32CubeIDE_1.14.1/STM32CubeIDE/plugins/com.st.stm32cube.ide.mcu.externaltools.gnu-tools-for-stm32.11.3.rel1.win32_1.1.100.202309141235/tools/bin/../lib/gcc/arm-none-eabi/11.3.1/../../../../arm-none-eabi/lib/thumb/v7e-m+fp/hard/crt0.o
LOAD ./Core/Src/fonts.o
LOAD ./Core/Src/main.o
LOAD ./Core/Src/ssd1306.o
LOAD ./Core/Src/stm32f4xx_hal_msp.o
LOAD ./Core/Src/stm32f4xx_it.o
LOAD ./Core/Src/syscalls.o
LOAD ./Core/Src/sysmem.o
LOAD ./Core/Src/system_stm32f4xx.o
LOAD ./Core/Startup/startup_stm32f446retx.o
LOAD ./Drivers/STM32F4xx_HAL_Driver/Src/stm32f4xx_hal.o
LOAD ./Drivers/STM32F4xx_HAL_Driver/Src/stm32f4xx_hal_cortex.o
LOAD ./Drivers/STM32F4xx_HAL_Driver/Src/stm32f4xx_hal_dma.o
LOAD ./Drivers/STM32F4xx_HAL_Driver/Src/stm32f4xx_hal_dma_ex.o
LOAD ./Drivers/STM32F4xx_HAL_Driver/Src/stm32f4xx_hal_exti.o
LOAD ./Drivers/STM32F4xx_HAL_Driver/Src/stm32f4xx_hal_flash.o
LOAD ./Drivers/STM32F4xx_HAL_Driver/Src/stm32f4xx_hal_flash_ex.o
LOAD ./Drivers/STM32F4xx_HAL_Driver/Src/stm32f4xx_hal_flash_ramfunc.o
LOAD ./Drivers/STM32F4xx_HAL_Driver/Src/stm32f4xx_hal_gpio.o
LOAD ./Drivers/STM32F4xx_HAL_Driver/Src/stm32f4xx_hal_i2c.o
LOAD ./Drivers/STM32F4xx_HAL_Driver/Src/stm32f4xx_hal_i2c_ex.o
LOAD ./Drivers/STM32F4xx_HAL_Driver/Src/stm32f4xx_hal_pwr.o
LOAD ./Drivers/STM32F4xx_HAL_Driver/Src/stm32f4xx_hal_pwr_ex.o
LOAD ./Drivers/STM32F4xx_HAL_Driver/Src/stm32f4xx_hal_rcc.o
LOAD ./Drivers/STM32F4xx_HAL_Driver/Src/stm32f4xx_hal_rcc_ex.o
LOAD ./Drivers/STM32F4xx_HAL_Driver/Src/stm32f4xx_hal_tim.o
LOAD ./Drivers/STM32F4xx_HAL_Driver/Src/stm32f4xx_hal_tim_ex.o
LOAD ./Drivers/STM32F4xx_HAL_Driver/Src/stm32f4xx_hal_uart.o
START GROUP
LOAD D:/ST/STM32CubeIDE_1.14.1/STM32CubeIDE/plugins/com.st.stm32cube.ide.mcu.externaltools.gnu-tools-for-stm32.11.3.rel1.win32_1.1.100.202309141235/tools/bin/../lib/gcc/arm-none-eabi/11.3.1/../../../../arm-none-eabi/lib/thumb/v7e-m+fp/hard\libc_nano.a
LOAD D:/ST/STM32CubeIDE_1.14.1/STM32CubeIDE/plugins/com.st.stm32cube.ide.mcu.externaltools.gnu-tools-for-stm32.11.3.rel1.win32_1.1.100.202309141235/tools/bin/../lib/gcc/arm-none-eabi/11.3.1/../../../../arm-none-eabi/lib/thumb/v7e-m+fp/hard\libm.a
END GROUP
START GROUP
LOAD D:/ST/STM32CubeIDE_1.14.1/STM32CubeIDE/plugins/com.st.stm32cube.ide.mcu.externaltools.gnu-tools-for-stm32.11.3.rel1.win32_1.1.100.202309141235/tools/bin/../lib/gcc/arm-none-eabi/11.3.1/thumb/v7e-m+fp/hard\libgcc.a
LOAD D:/ST/STM32CubeIDE_1.14.1/STM32CubeIDE/plugins/com.st.stm32cube.ide.mcu.externaltools.gnu-tools-for-stm32.11.3.rel1.win32_1.1.100.202309141235/tools/bin/../lib/gcc/arm-none-eabi/11.3.1/../../../../arm-none-eabi/lib/thumb/v7e-m+fp/hard\libc_nano.a
END GROUP
START GROUP
LOAD D:/ST/STM32CubeIDE_1.14.1/STM32CubeIDE/plugins/com.st.stm32cube.ide.mcu.externaltools.gnu-tools-for-stm32.11.3.rel1.win32_1.1.100.202309141235/tools/bin/../lib/gcc/arm-none-eabi/11.3.1/thumb/v7e-m+fp/hard\libgcc.a
LOAD D:/ST/STM32CubeIDE_1.14.1/STM32CubeIDE/plugins/com.st.stm32cube.ide.mcu.externaltools.gnu-tools-for-stm32.11.3.rel1.win32_1.1.100.202309141235/tools/bin/../lib/gcc/arm-none-eabi/11.3.1/../../../../arm-none-eabi/lib/thumb/v7e-m+fp/hard\libc_nano.a
LOAD D:/ST/STM32CubeIDE_1.14.1/STM32CubeIDE/plugins/com.st.stm32cube.ide.mcu.externaltools.gnu-tools-for-stm32.11.3.rel1.win32_1.1.100.202309141235/tools/bin/../lib/gcc/arm-none-eabi/11.3.1/../../../../arm-none-eabi/lib/thumb/v7e-m+fp/hard\libnosys.a
END GROUP
START GROUP
LOAD D:/ST/STM32CubeIDE_1.14.1/STM32CubeIDE/plugins/com.st.stm32cube.ide.mcu.externaltools.gnu-tools-for-stm32.11.3.rel1.win32_1.1.100.202309141235/tools/bin/../lib/gcc/arm-none-eabi/11.3.1/thumb/v7e-m+fp/hard\libgcc.a
LOAD D:/ST/STM32CubeIDE_1.14.1/STM32CubeIDE/plugins/com.st.stm32cube.ide.mcu.externaltools.gnu-tools-for-stm32.11.3.rel1.win32_1.1.100.202309141235/tools/bin/../lib/gcc/arm-none-eabi/11.3.1/../../../../arm-none-eabi/lib/thumb/v7e-m+fp/hard\libc_nano.a
LOAD D:/ST/STM32CubeIDE_1.14.1/STM32CubeIDE/plugins/com.st.stm32cube.ide.mcu.externaltools.gnu-tools-for-stm32.11.3.rel1.win32_1.1.100.202309141235/tools/bin/../lib/gcc/arm-none-eabi/11.3.1/../../../../arm-none-eabi/lib/thumb/v7e-m+fp/hard\libnosys.a
END GROUP
LOAD D:/ST/STM32CubeIDE_1.14.1/STM32CubeIDE/plugins/com.st.stm32cube.ide.mcu.externaltools.gnu-tools-for-stm32.11.3.rel1.win32_1.1.100.202309141235/tools/bin/../lib/gcc/arm-none-eabi/11.3.1/thumb/v7e-m+fp/hard/crtend.o
LOAD D:/ST/STM32CubeIDE_1.14.1/STM32CubeIDE/plugins/com.st.stm32cube.ide.mcu.externaltools.gnu-tools-for-stm32.11.3.rel1.win32_1.1.100.202309141235/tools/bin/../lib/gcc/arm-none-eabi/11.3.1/thumb/v7e-m+fp/hard/crtn.o
                0x0000000020020000                _estack = (ORIGIN (RAM) + LENGTH (RAM))
                0x0000000000000200                _Min_Heap_Size = 0x200
                0x0000000000000400                _Min_Stack_Size = 0x400

.isr_vector     0x0000000008000000      0x1c4
                0x0000000008000000                . = ALIGN (0x4)
 *(.isr_vector)
 .isr_vector    0x0000000008000000      0x1c4 ./Core/Startup/startup_stm32f446retx.o
                0x0000000008000000                g_pfnVectors
                0x00000000080001c4                . = ALIGN (0x4)

.text           0x00000000080001c4     0x40e4
                0x00000000080001c4                . = ALIGN (0x4)
 *(.text)
 .text          0x00000000080001c4       0x40 D:/ST/STM32CubeIDE_1.14.1/STM32CubeIDE/plugins/com.st.stm32cube.ide.mcu.externaltools.gnu-tools-for-stm32.11.3.rel1.win32_1.1.100.202309141235/tools/bin/../lib/gcc/arm-none-eabi/11.3.1/thumb/v7e-m+fp/hard/crtbegin.o
 .text          0x0000000008000204       0x30 D:/ST/STM32CubeIDE_1.14.1/STM32CubeIDE/plugins/com.st.stm32cube.ide.mcu.externaltools.gnu-tools-for-stm32.11.3.rel1.win32_1.1.100.202309141235/tools/bin/../lib/gcc/arm-none-eabi/11.3.1/thumb/v7e-m+fp/hard\libgcc.a(_aeabi_uldivmod.o)
                0x0000000008000204                __aeabi_uldivmod
 .text          0x0000000008000234      0x2c8 D:/ST/STM32CubeIDE_1.14.1/STM32CubeIDE/plugins/com.st.stm32cube.ide.mcu.externaltools.gnu-tools-for-stm32.11.3.rel1.win32_1.1.100.202309141235/tools/bin/../lib/gcc/arm-none-eabi/11.3.1/thumb/v7e-m+fp/hard\libgcc.a(_udivmoddi4.o)
                0x0000000008000234                __udivmoddi4
 .text          0x00000000080004fc        0x4 D:/ST/STM32CubeIDE_1.14.1/STM32CubeIDE/plugins/com.st.stm32cube.ide.mcu.externaltools.gnu-tools-for-stm32.11.3.rel1.win32_1.1.100.202309141235/tools/bin/../lib/gcc/arm-none-eabi/11.3.1/thumb/v7e-m+fp/hard\libgcc.a(_dvmd_tls.o)
                0x00000000080004fc                __aeabi_idiv0
                0x00000000080004fc                __aeabi_ldiv0
 *(.text*)
 .text.main     0x0000000008000500      0x130 ./Core/Src/main.o
                0x0000000008000500                main
 .text.SystemClock_Config
                0x0000000008000630       0xdc ./Core/Src/main.o
                0x0000000008000630                SystemClock_Config
 .text.MX_I2C1_Init
                0x000000000800070c       0x5c ./Core/Src/main.o
 .text.MX_TIM2_Init
                0x0000000008000768       0xe8 ./Core/Src/main.o
 .text.MX_USART2_UART_Init
                0x0000000008000850       0x54 ./Core/Src/main.o
 .text.MX_GPIO_Init
                0x00000000080008a4       0xe0 ./Core/Src/main.o
 .text.Error_Handler
                0x0000000008000984        0xa ./Core/Src/main.o
                0x0000000008000984                Error_Handler
 .text.SSD1306_ScrollRight
                0x000000000800098e       0x6c ./Core/Src/ssd1306.o
                0x000000000800098e                SSD1306_ScrollRight
 .text.SSD1306_ScrollLeft
                0x00000000080009fa       0x6c ./Core/Src/ssd1306.o
                0x00000000080009fa                SSD1306_ScrollLeft
 .text.SSD1306_Stopscroll
                0x0000000008000a66       0x12 ./Core/Src/ssd1306.o
                0x0000000008000a66                SSD1306_Stopscroll
 .text.SSD1306_Init
                0x0000000008000a78      0x188 ./Core/Src/ssd1306.o
                0x0000000008000a78                SSD1306_Init
 .text.SSD1306_UpdateScreen
                0x0000000008000c00       0x5c ./Core/Src/ssd1306.o
                0x0000000008000c00                SSD1306_UpdateScreen
 .text.SSD1306_Fill
                0x0000000008000c5c       0x30 ./Core/Src/ssd1306.o
                0x0000000008000c5c                SSD1306_Fill
 .text.SSD1306_DrawPixel
                0x0000000008000c8c       0xc0 ./Core/Src/ssd1306.o
                0x0000000008000c8c                SSD1306_DrawPixel
 .text.SSD1306_GotoXY
                0x0000000008000d4c       0x2c ./Core/Src/ssd1306.o
                0x0000000008000d4c                SSD1306_GotoXY
 .text.SSD1306_Putc
                0x0000000008000d78      0x100 ./Core/Src/ssd1306.o
                0x0000000008000d78                SSD1306_Putc
 .text.SSD1306_Puts
                0x0000000008000e78       0x4a ./Core/Src/ssd1306.o
                0x0000000008000e78                SSD1306_Puts
 .text.SSD1306_Clear
                0x0000000008000ec2       0x12 ./Core/Src/ssd1306.o
                0x0000000008000ec2                SSD1306_Clear
 .text.ssd1306_I2C_Init
                0x0000000008000ed4       0x2c ./Core/Src/ssd1306.o
                0x0000000008000ed4                ssd1306_I2C_Init
 .text.ssd1306_I2C_WriteMulti
                0x0000000008000f00       0xcc ./Core/Src/ssd1306.o
                0x0000000008000f00                ssd1306_I2C_WriteMulti
 .text.ssd1306_I2C_Write
                0x0000000008000fcc       0x3c ./Core/Src/ssd1306.o
                0x0000000008000fcc                ssd1306_I2C_Write
 .text.HAL_MspInit
                0x0000000008001008       0x50 ./Core/Src/stm32f4xx_hal_msp.o
                0x0000000008001008                HAL_MspInit
 .text.HAL_I2C_MspInit
                0x0000000008001058       0x90 ./Core/Src/stm32f4xx_hal_msp.o
                0x0000000008001058                HAL_I2C_MspInit
 .text.HAL_TIM_Base_MspInit
                0x00000000080010e8       0x40 ./Core/Src/stm32f4xx_hal_msp.o
                0x00000000080010e8                HAL_TIM_Base_MspInit
 .text.HAL_TIM_MspPostInit
                0x0000000008001128       0x70 ./Core/Src/stm32f4xx_hal_msp.o
                0x0000000008001128                HAL_TIM_MspPostInit
 .text.HAL_UART_MspInit
                0x0000000008001198       0x90 ./Core/Src/stm32f4xx_hal_msp.o
                0x0000000008001198                HAL_UART_MspInit
 .text.NMI_Handler
                0x0000000008001228        0x6 ./Core/Src/stm32f4xx_it.o
                0x0000000008001228                NMI_Handler
 .text.HardFault_Handler
                0x000000000800122e        0x6 ./Core/Src/stm32f4xx_it.o
                0x000000000800122e                HardFault_Handler
 .text.MemManage_Handler
                0x0000000008001234        0x6 ./Core/Src/stm32f4xx_it.o
                0x0000000008001234                MemManage_Handler
 .text.BusFault_Handler
                0x000000000800123a        0x6 ./Core/Src/stm32f4xx_it.o
                0x000000000800123a                BusFault_Handler
 .text.UsageFault_Handler
                0x0000000008001240        0x6 ./Core/Src/stm32f4xx_it.o
                0x0000000008001240                UsageFault_Handler
 .text.SVC_Handler
                0x0000000008001246        0xe ./Core/Src/stm32f4xx_it.o
                0x0000000008001246                SVC_Handler
 .text.DebugMon_Handler
                0x0000000008001254        0xe ./Core/Src/stm32f4xx_it.o
                0x0000000008001254                DebugMon_Handler
 .text.PendSV_Handler
                0x0000000008001262        0xe ./Core/Src/stm32f4xx_it.o
                0x0000000008001262                PendSV_Handler
 .text.SysTick_Handler
                0x0000000008001270        0xc ./Core/Src/stm32f4xx_it.o
                0x0000000008001270                SysTick_Handler
 .text.SystemInit
                0x000000000800127c       0x24 ./Core/Src/system_stm32f4xx.o
                0x000000000800127c                SystemInit
 .text.Reset_Handler
                0x00000000080012a0       0x50 ./Core/Startup/startup_stm32f446retx.o
                0x00000000080012a0                Reset_Handler
 .text.Default_Handler
                0x00000000080012f0        0x2 ./Core/Startup/startup_stm32f446retx.o
                0x00000000080012f0                RTC_Alarm_IRQHandler
                0x00000000080012f0                EXTI2_IRQHandler
                0x00000000080012f0                TIM8_CC_IRQHandler
                0x00000000080012f0                FMPI2C1_EV_IRQHandler
                0x00000000080012f0                SPI4_IRQHandler
                0x00000000080012f0                TIM1_CC_IRQHandler
                0x00000000080012f0                DMA2_Stream5_IRQHandler
                0x00000000080012f0                DMA1_Stream5_IRQHandler
                0x00000000080012f0                PVD_IRQHandler
                0x00000000080012f0                SDIO_IRQHandler
                0x00000000080012f0                TAMP_STAMP_IRQHandler
                0x00000000080012f0                CAN2_RX1_IRQHandler
                0x00000000080012f0                EXTI3_IRQHandler
                0x00000000080012f0                TIM8_TRG_COM_TIM14_IRQHandler
                0x00000000080012f0                TIM1_UP_TIM10_IRQHandler
                0x00000000080012f0                TIM8_UP_TIM13_IRQHandler
                0x00000000080012f0                I2C3_ER_IRQHandler
                0x00000000080012f0                EXTI0_IRQHandler
                0x00000000080012f0                I2C2_EV_IRQHandler
                0x00000000080012f0                DMA1_Stream2_IRQHandler
                0x00000000080012f0                CAN1_RX0_IRQHandler
                0x00000000080012f0                FPU_IRQHandler
                0x00000000080012f0                OTG_HS_WKUP_IRQHandler
                0x00000000080012f0                CAN2_SCE_IRQHandler
                0x00000000080012f0                DMA2_Stream2_IRQHandler
                0x00000000080012f0                SPI1_IRQHandler
                0x00000000080012f0                TIM6_DAC_IRQHandler
                0x00000000080012f0                TIM1_BRK_TIM9_IRQHandler
                0x00000000080012f0                DCMI_IRQHandler
                0x00000000080012f0                CAN2_RX0_IRQHandler
                0x00000000080012f0                DMA2_Stream3_IRQHandler
                0x00000000080012f0                SAI2_IRQHandler
                0x00000000080012f0                USART6_IRQHandler
                0x00000000080012f0                USART3_IRQHandler
                0x00000000080012f0                CAN1_RX1_IRQHandler
                0x00000000080012f0                UART5_IRQHandler
                0x00000000080012f0                DMA2_Stream0_IRQHandler
                0x00000000080012f0                TIM4_IRQHandler
                0x00000000080012f0                QUADSPI_IRQHandler
                0x00000000080012f0                I2C1_EV_IRQHandler
                0x00000000080012f0                DMA1_Stream6_IRQHandler
                0x00000000080012f0                DMA1_Stream1_IRQHandler
                0x00000000080012f0                UART4_IRQHandler
                0x00000000080012f0                TIM3_IRQHandler
                0x00000000080012f0                RCC_IRQHandler
                0x00000000080012f0                TIM8_BRK_TIM12_IRQHandler
                0x00000000080012f0                Default_Handler
                0x00000000080012f0                CEC_IRQHandler
                0x00000000080012f0                EXTI15_10_IRQHandler
                0x00000000080012f0                ADC_IRQHandler
                0x00000000080012f0                DMA1_Stream7_IRQHandler
                0x00000000080012f0                TIM7_IRQHandler
                0x00000000080012f0                CAN2_TX_IRQHandler
                0x00000000080012f0                TIM5_IRQHandler
                0x00000000080012f0                DMA2_Stream7_IRQHandler
                0x00000000080012f0                I2C3_EV_IRQHandler
                0x00000000080012f0                EXTI9_5_IRQHandler
                0x00000000080012f0                RTC_WKUP_IRQHandler
                0x00000000080012f0                SPDIF_RX_IRQHandler
                0x00000000080012f0                SPI2_IRQHandler
                0x00000000080012f0                OTG_HS_EP1_IN_IRQHandler
                0x00000000080012f0                DMA1_Stream0_IRQHandler
                0x00000000080012f0                CAN1_TX_IRQHandler
                0x00000000080012f0                FMPI2C1_ER_IRQHandler
                0x00000000080012f0                EXTI4_IRQHandler
                0x00000000080012f0                OTG_HS_EP1_OUT_IRQHandler
                0x00000000080012f0                WWDG_IRQHandler
                0x00000000080012f0                TIM2_IRQHandler
                0x00000000080012f0                OTG_FS_WKUP_IRQHandler
                0x00000000080012f0                TIM1_TRG_COM_TIM11_IRQHandler
                0x00000000080012f0                OTG_HS_IRQHandler
                0x00000000080012f0                EXTI1_IRQHandler
                0x00000000080012f0                USART2_IRQHandler
                0x00000000080012f0                I2C2_ER_IRQHandler
                0x00000000080012f0                DMA2_Stream1_IRQHandler
                0x00000000080012f0                CAN1_SCE_IRQHandler
                0x00000000080012f0                FLASH_IRQHandler
                0x00000000080012f0                DMA2_Stream4_IRQHandler
                0x00000000080012f0                USART1_IRQHandler
                0x00000000080012f0                OTG_FS_IRQHandler
                0x00000000080012f0                SPI3_IRQHandler
                0x00000000080012f0                DMA1_Stream4_IRQHandler
                0x00000000080012f0                I2C1_ER_IRQHandler
                0x00000000080012f0                FMC_IRQHandler
                0x00000000080012f0                DMA2_Stream6_IRQHandler
                0x00000000080012f0                SAI1_IRQHandler
                0x00000000080012f0                DMA1_Stream3_IRQHandler
 *fill*         0x00000000080012f2        0x2 
 .text.HAL_Init
                0x00000000080012f4       0x44 ./Drivers/STM32F4xx_HAL_Driver/Src/stm32f4xx_hal.o
                0x00000000080012f4                HAL_Init
 .text.HAL_InitTick
                0x0000000008001338       0x60 ./Drivers/STM32F4xx_HAL_Driver/Src/stm32f4xx_hal.o
                0x0000000008001338                HAL_InitTick
 .text.HAL_IncTick
                0x0000000008001398       0x28 ./Drivers/STM32F4xx_HAL_Driver/Src/stm32f4xx_hal.o
                0x0000000008001398                HAL_IncTick
 .text.HAL_GetTick
                0x00000000080013c0       0x18 ./Drivers/STM32F4xx_HAL_Driver/Src/stm32f4xx_hal.o
                0x00000000080013c0                HAL_GetTick
 .text.HAL_Delay
                0x00000000080013d8       0x48 ./Drivers/STM32F4xx_HAL_Driver/Src/stm32f4xx_hal.o
                0x00000000080013d8                HAL_Delay
 .text.__NVIC_SetPriorityGrouping
                0x0000000008001420       0x48 ./Drivers/STM32F4xx_HAL_Driver/Src/stm32f4xx_hal_cortex.o
 .text.__NVIC_GetPriorityGrouping
                0x0000000008001468       0x1c ./Drivers/STM32F4xx_HAL_Driver/Src/stm32f4xx_hal_cortex.o
 .text.__NVIC_SetPriority
                0x0000000008001484       0x54 ./Drivers/STM32F4xx_HAL_Driver/Src/stm32f4xx_hal_cortex.o
 .text.NVIC_EncodePriority
                0x00000000080014d8       0x66 ./Drivers/STM32F4xx_HAL_Driver/Src/stm32f4xx_hal_cortex.o
 *fill*         0x000000000800153e        0x2 
 .text.SysTick_Config
                0x0000000008001540       0x44 ./Drivers/STM32F4xx_HAL_Driver/Src/stm32f4xx_hal_cortex.o
 .text.HAL_NVIC_SetPriorityGrouping
                0x0000000008001584       0x16 ./Drivers/STM32F4xx_HAL_Driver/Src/stm32f4xx_hal_cortex.o
                0x0000000008001584                HAL_NVIC_SetPriorityGrouping
 .text.HAL_NVIC_SetPriority
                0x000000000800159a       0x38 ./Drivers/STM32F4xx_HAL_Driver/Src/stm32f4xx_hal_cortex.o
                0x000000000800159a                HAL_NVIC_SetPriority
 .text.HAL_SYSTICK_Config
                0x00000000080015d2       0x18 ./Drivers/STM32F4xx_HAL_Driver/Src/stm32f4xx_hal_cortex.o
                0x00000000080015d2                HAL_SYSTICK_Config
 *fill*         0x00000000080015ea        0x2 
 .text.HAL_GPIO_Init
                0x00000000080015ec      0x328 ./Drivers/STM32F4xx_HAL_Driver/Src/stm32f4xx_hal_gpio.o
                0x00000000080015ec                HAL_GPIO_Init
 .text.HAL_GPIO_WritePin
                0x0000000008001914       0x32 ./Drivers/STM32F4xx_HAL_Driver/Src/stm32f4xx_hal_gpio.o
                0x0000000008001914                HAL_GPIO_WritePin
 *fill*         0x0000000008001946        0x2 
 .text.HAL_I2C_Init
                0x0000000008001948      0x288 ./Drivers/STM32F4xx_HAL_Driver/Src/stm32f4xx_hal_i2c.o
                0x0000000008001948                HAL_I2C_Init
 .text.HAL_I2C_Master_Transmit
                0x0000000008001bd0      0x1fc ./Drivers/STM32F4xx_HAL_Driver/Src/stm32f4xx_hal_i2c.o
                0x0000000008001bd0                HAL_I2C_Master_Transmit
 .text.HAL_I2C_IsDeviceReady
                0x0000000008001dcc      0x25c ./Drivers/STM32F4xx_HAL_Driver/Src/stm32f4xx_hal_i2c.o
                0x0000000008001dcc                HAL_I2C_IsDeviceReady
 .text.I2C_MasterRequestWrite
                0x0000000008002028      0x104 ./Drivers/STM32F4xx_HAL_Driver/Src/stm32f4xx_hal_i2c.o
 .text.I2C_WaitOnFlagUntilTimeout
                0x000000000800212c       0xf4 ./Drivers/STM32F4xx_HAL_Driver/Src/stm32f4xx_hal_i2c.o
 .text.I2C_WaitOnMasterAddressFlagUntilTimeout
                0x0000000008002220      0x140 ./Drivers/STM32F4xx_HAL_Driver/Src/stm32f4xx_hal_i2c.o
 .text.I2C_WaitOnTXEFlagUntilTimeout
                0x0000000008002360       0x90 ./Drivers/STM32F4xx_HAL_Driver/Src/stm32f4xx_hal_i2c.o
 .text.I2C_WaitOnBTFFlagUntilTimeout
                0x00000000080023f0       0x90 ./Drivers/STM32F4xx_HAL_Driver/Src/stm32f4xx_hal_i2c.o
 .text.I2C_IsAcknowledgeFailed
                0x0000000008002480       0x5e ./Drivers/STM32F4xx_HAL_Driver/Src/stm32f4xx_hal_i2c.o
 *fill*         0x00000000080024de        0x2 
 .text.HAL_RCC_ClockConfig
                0x00000000080024e0      0x1cc ./Drivers/STM32F4xx_HAL_Driver/Src/stm32f4xx_hal_rcc.o
                0x00000000080024e0                HAL_RCC_ClockConfig
 .text.HAL_RCC_GetHCLKFreq
                0x00000000080026ac       0x18 ./Drivers/STM32F4xx_HAL_Driver/Src/stm32f4xx_hal_rcc.o
                0x00000000080026ac                HAL_RCC_GetHCLKFreq
 .text.HAL_RCC_GetPCLK1Freq
                0x00000000080026c4       0x28 ./Drivers/STM32F4xx_HAL_Driver/Src/stm32f4xx_hal_rcc.o
                0x00000000080026c4                HAL_RCC_GetPCLK1Freq
 .text.HAL_RCC_GetPCLK2Freq
                0x00000000080026ec       0x28 ./Drivers/STM32F4xx_HAL_Driver/Src/stm32f4xx_hal_rcc.o
                0x00000000080026ec                HAL_RCC_GetPCLK2Freq
 .text.HAL_RCC_GetSysClockFreq
                0x0000000008002714      0x460 ./Drivers/STM32F4xx_HAL_Driver/Src/stm32f4xx_hal_rcc_ex.o
                0x0000000008002714                HAL_RCC_GetSysClockFreq
 .text.HAL_RCC_OscConfig
                0x0000000008002b74      0x53c ./Drivers/STM32F4xx_HAL_Driver/Src/stm32f4xx_hal_rcc_ex.o
                0x0000000008002b74                HAL_RCC_OscConfig
 .text.HAL_TIM_Base_Init
                0x00000000080030b0       0x9e ./Drivers/STM32F4xx_HAL_Driver/Src/stm32f4xx_hal_tim.o
                0x00000000080030b0                HAL_TIM_Base_Init
 .text.HAL_TIM_PWM_Init
                0x000000000800314e       0x9e ./Drivers/STM32F4xx_HAL_Driver/Src/stm32f4xx_hal_tim.o
                0x000000000800314e                HAL_TIM_PWM_Init
 .text.HAL_TIM_PWM_MspInit
                0x00000000080031ec       0x14 ./Drivers/STM32F4xx_HAL_Driver/Src/stm32f4xx_hal_tim.o
                0x00000000080031ec                HAL_TIM_PWM_MspInit
 .text.HAL_TIM_PWM_ConfigChannel
                0x0000000008003200      0x184 ./Drivers/STM32F4xx_HAL_Driver/Src/stm32f4xx_hal_tim.o
                0x0000000008003200                HAL_TIM_PWM_ConfigChannel
 .text.HAL_TIM_ConfigClockSource
                0x0000000008003384      0x18e ./Drivers/STM32F4xx_HAL_Driver/Src/stm32f4xx_hal_tim.o
                0x0000000008003384                HAL_TIM_ConfigClockSource
 *fill*         0x0000000008003512        0x2 
 .text.TIM_Base_SetConfig
                0x0000000008003514      0x158 ./Drivers/STM32F4xx_HAL_Driver/Src/stm32f4xx_hal_tim.o
                0x0000000008003514                TIM_Base_SetConfig
 .text.TIM_OC1_SetConfig
                0x000000000800366c       0xe0 ./Drivers/STM32F4xx_HAL_Driver/Src/stm32f4xx_hal_tim.o
 .text.TIM_OC2_SetConfig
                0x000000000800374c       0xec ./Drivers/STM32F4xx_HAL_Driver/Src/stm32f4xx_hal_tim.o
                0x000000000800374c                TIM_OC2_SetConfig
 .text.TIM_OC3_SetConfig
                0x0000000008003838       0xe8 ./Drivers/STM32F4xx_HAL_Driver/Src/stm32f4xx_hal_tim.o
 .text.TIM_OC4_SetConfig
                0x0000000008003920       0xac ./Drivers/STM32F4xx_HAL_Driver/Src/stm32f4xx_hal_tim.o
 .text.TIM_TI1_ConfigInputStage
                0x00000000080039cc       0x5e ./Drivers/STM32F4xx_HAL_Driver/Src/stm32f4xx_hal_tim.o
 .text.TIM_TI2_ConfigInputStage
                0x0000000008003a2a       0x60 ./Drivers/STM32F4xx_HAL_Driver/Src/stm32f4xx_hal_tim.o
 .text.TIM_ITRx_SetConfig
                0x0000000008003a8a       0x36 ./Drivers/STM32F4xx_HAL_Driver/Src/stm32f4xx_hal_tim.o
 .text.TIM_ETR_SetConfig
                0x0000000008003ac0       0x40 ./Drivers/STM32F4xx_HAL_Driver/Src/stm32f4xx_hal_tim.o
                0x0000000008003ac0                TIM_ETR_SetConfig
 .text.HAL_TIMEx_MasterConfigSynchronization
                0x0000000008003b00       0xf8 ./Drivers/STM32F4xx_HAL_Driver/Src/stm32f4xx_hal_tim_ex.o
                0x0000000008003b00                HAL_TIMEx_MasterConfigSynchronization
 .text.HAL_UART_Init
                0x0000000008003bf8       0xa0 ./Drivers/STM32F4xx_HAL_Driver/Src/stm32f4xx_hal_uart.o
                0x0000000008003bf8                HAL_UART_Init
 .text.UART_SetConfig
                0x0000000008003c98      0x4e8 ./Drivers/STM32F4xx_HAL_Driver/Src/stm32f4xx_hal_uart.o
 .text.__itoa   0x0000000008004180       0x30 D:/ST/STM32CubeIDE_1.14.1/STM32CubeIDE/plugins/com.st.stm32cube.ide.mcu.externaltools.gnu-tools-for-stm32.11.3.rel1.win32_1.1.100.202309141235/tools/bin/../lib/gcc/arm-none-eabi/11.3.1/../../../../arm-none-eabi/lib/thumb/v7e-m+fp/hard\libc_nano.a(libc_a-itoa.o)
                0x0000000008004180                __itoa
 .text.itoa     0x00000000080041b0        0x4 D:/ST/STM32CubeIDE_1.14.1/STM32CubeIDE/plugins/com.st.stm32cube.ide.mcu.externaltools.gnu-tools-for-stm32.11.3.rel1.win32_1.1.100.202309141235/tools/bin/../lib/gcc/arm-none-eabi/11.3.1/../../../../arm-none-eabi/lib/thumb/v7e-m+fp/hard\libc_nano.a(libc_a-itoa.o)
                0x00000000080041b0                itoa
 .text.__utoa   0x00000000080041b4       0x84 D:/ST/STM32CubeIDE_1.14.1/STM32CubeIDE/plugins/com.st.stm32cube.ide.mcu.externaltools.gnu-tools-for-stm32.11.3.rel1.win32_1.1.100.202309141235/tools/bin/../lib/gcc/arm-none-eabi/11.3.1/../../../../arm-none-eabi/lib/thumb/v7e-m+fp/hard\libc_nano.a(libc_a-utoa.o)
                0x00000000080041b4                __utoa
 .text.memset   0x0000000008004238       0x10 D:/ST/STM32CubeIDE_1.14.1/STM32CubeIDE/plugins/com.st.stm32cube.ide.mcu.externaltools.gnu-tools-for-stm32.11.3.rel1.win32_1.1.100.202309141235/tools/bin/../lib/gcc/arm-none-eabi/11.3.1/../../../../arm-none-eabi/lib/thumb/v7e-m+fp/hard\libc_nano.a(libc_a-memset.o)
                0x0000000008004238                memset
 .text.__libc_init_array
                0x0000000008004248       0x48 D:/ST/STM32CubeIDE_1.14.1/STM32CubeIDE/plugins/com.st.stm32cube.ide.mcu.externaltools.gnu-tools-for-stm32.11.3.rel1.win32_1.1.100.202309141235/tools/bin/../lib/gcc/arm-none-eabi/11.3.1/../../../../arm-none-eabi/lib/thumb/v7e-m+fp/hard\libc_nano.a(libc_a-init.o)
                0x0000000008004248                __libc_init_array
 *(.glue_7)
 .glue_7        0x0000000008004290        0x0 linker stubs
 *(.glue_7t)
 .glue_7t       0x0000000008004290        0x0 linker stubs
 *(.eh_frame)
 .eh_frame      0x0000000008004290        0x0 D:/ST/STM32CubeIDE_1.14.1/STM32CubeIDE/plugins/com.st.stm32cube.ide.mcu.externaltools.gnu-tools-for-stm32.11.3.rel1.win32_1.1.100.202309141235/tools/bin/../lib/gcc/arm-none-eabi/11.3.1/thumb/v7e-m+fp/hard/crtbegin.o
 *(.init)
 .init          0x0000000008004290        0x4 D:/ST/STM32CubeIDE_1.14.1/STM32CubeIDE/plugins/com.st.stm32cube.ide.mcu.externaltools.gnu-tools-for-stm32.11.3.rel1.win32_1.1.100.202309141235/tools/bin/../lib/gcc/arm-none-eabi/11.3.1/thumb/v7e-m+fp/hard/crti.o
                0x0000000008004290                _init
 .init          0x0000000008004294        0x8 D:/ST/STM32CubeIDE_1.14.1/STM32CubeIDE/plugins/com.st.stm32cube.ide.mcu.externaltools.gnu-tools-for-stm32.11.3.rel1.win32_1.1.100.202309141235/tools/bin/../lib/gcc/arm-none-eabi/11.3.1/thumb/v7e-m+fp/hard/crtn.o
 *(.fini)
 .fini          0x000000000800429c        0x4 D:/ST/STM32CubeIDE_1.14.1/STM32CubeIDE/plugins/com.st.stm32cube.ide.mcu.externaltools.gnu-tools-for-stm32.11.3.rel1.win32_1.1.100.202309141235/tools/bin/../lib/gcc/arm-none-eabi/11.3.1/thumb/v7e-m+fp/hard/crti.o
                0x000000000800429c                _fini
 .fini          0x00000000080042a0        0x8 D:/ST/STM32CubeIDE_1.14.1/STM32CubeIDE/plugins/com.st.stm32cube.ide.mcu.externaltools.gnu-tools-for-stm32.11.3.rel1.win32_1.1.100.202309141235/tools/bin/../lib/gcc/arm-none-eabi/11.3.1/thumb/v7e-m+fp/hard/crtn.o
                0x00000000080042a8                . = ALIGN (0x4)
                0x00000000080042a8                _etext = .

.vfp11_veneer   0x00000000080042a8        0x0
 .vfp11_veneer  0x00000000080042a8        0x0 linker stubs

.v4_bx          0x00000000080042a8        0x0
 .v4_bx         0x00000000080042a8        0x0 linker stubs

.iplt           0x00000000080042a8        0x0
 .iplt          0x00000000080042a8        0x0 D:/ST/STM32CubeIDE_1.14.1/STM32CubeIDE/plugins/com.st.stm32cube.ide.mcu.externaltools.gnu-tools-for-stm32.11.3.rel1.win32_1.1.100.202309141235/tools/bin/../lib/gcc/arm-none-eabi/11.3.1/thumb/v7e-m+fp/hard/crtbegin.o

.rodata         0x00000000080042a8     0x2114
                0x00000000080042a8                . = ALIGN (0x4)
 *(.rodata)
 .rodata        0x00000000080042a8       0x2a ./Core/Src/main.o
 *(.rodata*)
 *fill*         0x00000000080042d2        0x2 
 .rodata.Font11x18
                0x00000000080042d4      0xd5c ./Core/Src/fonts.o
                0x00000000080042d4                Font11x18
 .rodata.Font16x26
                0x0000000008005030     0x134c ./Core/Src/fonts.o
                0x0000000008005030                Font16x26
 .rodata.AHBPrescTable
                0x000000000800637c       0x10 ./Core/Src/system_stm32f4xx.o
                0x000000000800637c                AHBPrescTable
 .rodata.APBPrescTable
                0x000000000800638c        0x8 ./Core/Src/system_stm32f4xx.o
                0x000000000800638c                APBPrescTable
 .rodata.__utoa.str1.1
                0x0000000008006394       0x25 D:/ST/STM32CubeIDE_1.14.1/STM32CubeIDE/plugins/com.st.stm32cube.ide.mcu.externaltools.gnu-tools-for-stm32.11.3.rel1.win32_1.1.100.202309141235/tools/bin/../lib/gcc/arm-none-eabi/11.3.1/../../../../arm-none-eabi/lib/thumb/v7e-m+fp/hard\libc_nano.a(libc_a-utoa.o)
                0x00000000080063bc                . = ALIGN (0x4)
 *fill*         0x00000000080063b9        0x3 

.ARM.extab      0x00000000080063bc        0x0
                0x00000000080063bc                . = ALIGN (0x4)
 *(.ARM.extab* .gnu.linkonce.armextab.*)
                0x00000000080063bc                . = ALIGN (0x4)

.ARM            0x00000000080063bc        0x8
                0x00000000080063bc                . = ALIGN (0x4)
                0x00000000080063bc                __exidx_start = .
 *(.ARM.exidx*)
 .ARM.exidx     0x00000000080063bc        0x8 D:/ST/STM32CubeIDE_1.14.1/STM32CubeIDE/plugins/com.st.stm32cube.ide.mcu.externaltools.gnu-tools-for-stm32.11.3.rel1.win32_1.1.100.202309141235/tools/bin/../lib/gcc/arm-none-eabi/11.3.1/thumb/v7e-m+fp/hard\libgcc.a(_udivmoddi4.o)
                0x00000000080063c4                __exidx_end = .
                0x00000000080063c4                . = ALIGN (0x4)

.rel.dyn        0x00000000080063c4        0x0
 .rel.iplt      0x00000000080063c4        0x0 D:/ST/STM32CubeIDE_1.14.1/STM32CubeIDE/plugins/com.st.stm32cube.ide.mcu.externaltools.gnu-tools-for-stm32.11.3.rel1.win32_1.1.100.202309141235/tools/bin/../lib/gcc/arm-none-eabi/11.3.1/thumb/v7e-m+fp/hard/crtbegin.o

.preinit_array  0x00000000080063c4        0x0
                0x00000000080063c4                . = ALIGN (0x4)
                0x00000000080063c4                PROVIDE (__preinit_array_start = .)
 *(.preinit_array*)
                0x00000000080063c4                PROVIDE (__preinit_array_end = .)
                0x00000000080063c4                . = ALIGN (0x4)

.init_array     0x00000000080063c4        0x4
                0x00000000080063c4                . = ALIGN (0x4)
                0x00000000080063c4                PROVIDE (__init_array_start = .)
 *(SORT_BY_NAME(.init_array.*))
 *(.init_array*)
 .init_array    0x00000000080063c4        0x4 D:/ST/STM32CubeIDE_1.14.1/STM32CubeIDE/plugins/com.st.stm32cube.ide.mcu.externaltools.gnu-tools-for-stm32.11.3.rel1.win32_1.1.100.202309141235/tools/bin/../lib/gcc/arm-none-eabi/11.3.1/thumb/v7e-m+fp/hard/crtbegin.o
                0x00000000080063c8                PROVIDE (__init_array_end = .)
                0x00000000080063c8                . = ALIGN (0x4)

.fini_array     0x00000000080063c8        0x4
                0x00000000080063c8                . = ALIGN (0x4)
                [!provide]                        PROVIDE (__fini_array_start = .)
 *(SORT_BY_NAME(.fini_array.*))
 *(.fini_array*)
 .fini_array    0x00000000080063c8        0x4 D:/ST/STM32CubeIDE_1.14.1/STM32CubeIDE/plugins/com.st.stm32cube.ide.mcu.externaltools.gnu-tools-for-stm32.11.3.rel1.win32_1.1.100.202309141235/tools/bin/../lib/gcc/arm-none-eabi/11.3.1/thumb/v7e-m+fp/hard/crtbegin.o
                [!provide]                        PROVIDE (__fini_array_end = .)
                0x00000000080063cc                . = ALIGN (0x4)
                0x00000000080063cc                _sidata = LOADADDR (.data)

.data           0x0000000020000000       0x1c load address 0x00000000080063cc
                0x0000000020000000                . = ALIGN (0x4)
                0x0000000020000000                _sdata = .
 *(.data)
 *(.data*)
 .data.Font_11x18
                0x0000000020000000        0x8 ./Core/Src/fonts.o
                0x0000000020000000                Font_11x18
 .data.Font_16x26
                0x0000000020000008        0x8 ./Core/Src/fonts.o
                0x0000000020000008                Font_16x26
 .data.SystemCoreClock
                0x0000000020000010        0x4 ./Core/Src/system_stm32f4xx.o
                0x0000000020000010                SystemCoreClock
 .data.uwTickPrio
                0x0000000020000014        0x4 ./Drivers/STM32F4xx_HAL_Driver/Src/stm32f4xx_hal.o
                0x0000000020000014                uwTickPrio
 .data.uwTickFreq
                0x0000000020000018        0x1 ./Drivers/STM32F4xx_HAL_Driver/Src/stm32f4xx_hal.o
                0x0000000020000018                uwTickFreq
 *(.RamFunc)
 *(.RamFunc*)
                0x000000002000001c                . = ALIGN (0x4)
 *fill*         0x0000000020000019        0x3 
                0x000000002000001c                _edata = .

.igot.plt       0x000000002000001c        0x0 load address 0x00000000080063e8
 .igot.plt      0x000000002000001c        0x0 D:/ST/STM32CubeIDE_1.14.1/STM32CubeIDE/plugins/com.st.stm32cube.ide.mcu.externaltools.gnu-tools-for-stm32.11.3.rel1.win32_1.1.100.202309141235/tools/bin/../lib/gcc/arm-none-eabi/11.3.1/thumb/v7e-m+fp/hard/crtbegin.o
                0x000000002000001c                . = ALIGN (0x4)

.bss            0x000000002000001c      0x50c load address 0x00000000080063e8
                0x000000002000001c                _sbss = .
                0x000000002000001c                __bss_start__ = _sbss
 *(.bss)
 .bss           0x000000002000001c       0x1c D:/ST/STM32CubeIDE_1.14.1/STM32CubeIDE/plugins/com.st.stm32cube.ide.mcu.externaltools.gnu-tools-for-stm32.11.3.rel1.win32_1.1.100.202309141235/tools/bin/../lib/gcc/arm-none-eabi/11.3.1/thumb/v7e-m+fp/hard/crtbegin.o
 *(.bss*)
 .bss.hi2c1     0x0000000020000038       0x54 ./Core/Src/main.o
                0x0000000020000038                hi2c1
 .bss.htim2     0x000000002000008c       0x48 ./Core/Src/main.o
                0x000000002000008c                htim2
 .bss.huart2    0x00000000200000d4       0x48 ./Core/Src/main.o
                0x00000000200000d4                huart2
 .bss.SSD1306_Buffer
                0x000000002000011c      0x400 ./Core/Src/ssd1306.o
 .bss.SSD1306   0x000000002000051c        0x6 ./Core/Src/ssd1306.o
 *fill*         0x0000000020000522        0x2 
 .bss.uwTick    0x0000000020000524        0x4 ./Drivers/STM32F4xx_HAL_Driver/Src/stm32f4xx_hal.o
                0x0000000020000524                uwTick
 *(COMMON)
                0x0000000020000528                . = ALIGN (0x4)
                0x0000000020000528                _ebss = .
                0x0000000020000528                __bss_end__ = _ebss

._user_heap_stack
                0x0000000020000528      0x600 load address 0x00000000080063e8
                0x0000000020000528                . = ALIGN (0x8)
                [!provide]                        PROVIDE (end = .)
                0x0000000020000528                PROVIDE (_end = .)
                0x0000000020000728                . = (. + _Min_Heap_Size)
 *fill*         0x0000000020000528      0x200 
                0x0000000020000b28                . = (. + _Min_Stack_Size)
 *fill*         0x0000000020000728      0x400 
                0x0000000020000b28                . = ALIGN (0x8)

/DISCARD/
 libc.a(*)
 libm.a(*)
 libgcc.a(*)

.ARM.attributes
                0x0000000000000000       0x30
 *(.ARM.attributes)
 .ARM.attributes
                0x0000000000000000       0x1e D:/ST/STM32CubeIDE_1.14.1/STM32CubeIDE/plugins/com.st.stm32cube.ide.mcu.externaltools.gnu-tools-for-stm32.11.3.rel1.win32_1.1.100.202309141235/tools/bin/../lib/gcc/arm-none-eabi/11.3.1/thumb/v7e-m+fp/hard/crti.o
 .ARM.attributes
                0x000000000000001e       0x34 D:/ST/STM32CubeIDE_1.14.1/STM32CubeIDE/plugins/com.st.stm32cube.ide.mcu.externaltools.gnu-tools-for-stm32.11.3.rel1.win32_1.1.100.202309141235/tools/bin/../lib/gcc/arm-none-eabi/11.3.1/thumb/v7e-m+fp/hard/crtbegin.o
 .ARM.attributes
                0x0000000000000052       0x34 ./Core/Src/fonts.o
 .ARM.attributes
                0x0000000000000086       0x34 ./Core/Src/main.o
 .ARM.attributes
                0x00000000000000ba       0x34 ./Core/Src/ssd1306.o
 .ARM.attributes
                0x00000000000000ee       0x34 ./Core/Src/stm32f4xx_hal_msp.o
 .ARM.attributes
                0x0000000000000122       0x34 ./Core/Src/stm32f4xx_it.o
 .ARM.attributes
                0x0000000000000156       0x34 ./Core/Src/system_stm32f4xx.o
 .ARM.attributes
                0x000000000000018a       0x21 ./Core/Startup/startup_stm32f446retx.o
 .ARM.attributes
                0x00000000000001ab       0x34 ./Drivers/STM32F4xx_HAL_Driver/Src/stm32f4xx_hal.o
 .ARM.attributes
                0x00000000000001df       0x34 ./Drivers/STM32F4xx_HAL_Driver/Src/stm32f4xx_hal_cortex.o
 .ARM.attributes
                0x0000000000000213       0x34 ./Drivers/STM32F4xx_HAL_Driver/Src/stm32f4xx_hal_gpio.o
 .ARM.attributes
                0x0000000000000247       0x34 ./Drivers/STM32F4xx_HAL_Driver/Src/stm32f4xx_hal_i2c.o
 .ARM.attributes
                0x000000000000027b       0x34 ./Drivers/STM32F4xx_HAL_Driver/Src/stm32f4xx_hal_rcc.o
 .ARM.attributes
                0x00000000000002af       0x34 ./Drivers/STM32F4xx_HAL_Driver/Src/stm32f4xx_hal_rcc_ex.o
 .ARM.attributes
                0x00000000000002e3       0x34 ./Drivers/STM32F4xx_HAL_Driver/Src/stm32f4xx_hal_tim.o
 .ARM.attributes
                0x0000000000000317       0x34 ./Drivers/STM32F4xx_HAL_Driver/Src/stm32f4xx_hal_tim_ex.o
 .ARM.attributes
                0x000000000000034b       0x34 ./Drivers/STM32F4xx_HAL_Driver/Src/stm32f4xx_hal_uart.o
 .ARM.attributes
                0x000000000000037f       0x34 D:/ST/STM32CubeIDE_1.14.1/STM32CubeIDE/plugins/com.st.stm32cube.ide.mcu.externaltools.gnu-tools-for-stm32.11.3.rel1.win32_1.1.100.202309141235/tools/bin/../lib/gcc/arm-none-eabi/11.3.1/../../../../arm-none-eabi/lib/thumb/v7e-m+fp/hard\libc_nano.a(libc_a-itoa.o)
 .ARM.attributes
                0x00000000000003b3       0x34 D:/ST/STM32CubeIDE_1.14.1/STM32CubeIDE/plugins/com.st.stm32cube.ide.mcu.externaltools.gnu-tools-for-stm32.11.3.rel1.win32_1.1.100.202309141235/tools/bin/../lib/gcc/arm-none-eabi/11.3.1/../../../../arm-none-eabi/lib/thumb/v7e-m+fp/hard\libc_nano.a(libc_a-utoa.o)
 .ARM.attributes
                0x00000000000003e7       0x34 D:/ST/STM32CubeIDE_1.14.1/STM32CubeIDE/plugins/com.st.stm32cube.ide.mcu.externaltools.gnu-tools-for-stm32.11.3.rel1.win32_1.1.100.202309141235/tools/bin/../lib/gcc/arm-none-eabi/11.3.1/../../../../arm-none-eabi/lib/thumb/v7e-m+fp/hard\libc_nano.a(libc_a-memset.o)
 .ARM.attributes
                0x000000000000041b       0x34 D:/ST/STM32CubeIDE_1.14.1/STM32CubeIDE/plugins/com.st.stm32cube.ide.mcu.externaltools.gnu-tools-for-stm32.11.3.rel1.win32_1.1.100.202309141235/tools/bin/../lib/gcc/arm-none-eabi/11.3.1/../../../../arm-none-eabi/lib/thumb/v7e-m+fp/hard\libc_nano.a(libc_a-init.o)
 .ARM.attributes
                0x000000000000044f       0x1e D:/ST/STM32CubeIDE_1.14.1/STM32CubeIDE/plugins/com.st.stm32cube.ide.mcu.externaltools.gnu-tools-for-stm32.11.3.rel1.win32_1.1.100.202309141235/tools/bin/../lib/gcc/arm-none-eabi/11.3.1/thumb/v7e-m+fp/hard\libgcc.a(_aeabi_uldivmod.o)
 .ARM.attributes
                0x000000000000046d       0x34 D:/ST/STM32CubeIDE_1.14.1/STM32CubeIDE/plugins/com.st.stm32cube.ide.mcu.externaltools.gnu-tools-for-stm32.11.3.rel1.win32_1.1.100.202309141235/tools/bin/../lib/gcc/arm-none-eabi/11.3.1/thumb/v7e-m+fp/hard\libgcc.a(_udivmoddi4.o)
 .ARM.attributes
                0x00000000000004a1       0x1e D:/ST/STM32CubeIDE_1.14.1/STM32CubeIDE/plugins/com.st.stm32cube.ide.mcu.externaltools.gnu-tools-for-stm32.11.3.rel1.win32_1.1.100.202309141235/tools/bin/../lib/gcc/arm-none-eabi/11.3.1/thumb/v7e-m+fp/hard\libgcc.a(_dvmd_tls.o)
 .ARM.attributes
                0x00000000000004bf       0x1e D:/ST/STM32CubeIDE_1.14.1/STM32CubeIDE/plugins/com.st.stm32cube.ide.mcu.externaltools.gnu-tools-for-stm32.11.3.rel1.win32_1.1.100.202309141235/tools/bin/../lib/gcc/arm-none-eabi/11.3.1/thumb/v7e-m+fp/hard/crtn.o
OUTPUT(pedalAttempt1.elf elf32-littlearm)
LOAD linker stubs
LOAD D:/ST/STM32CubeIDE_1.14.1/STM32CubeIDE/plugins/com.st.stm32cube.ide.mcu.externaltools.gnu-tools-for-stm32.11.3.rel1.win32_1.1.100.202309141235/tools/bin/../lib/gcc/arm-none-eabi/11.3.1/../../../../arm-none-eabi/lib/thumb/v7e-m+fp/hard\libc.a
LOAD D:/ST/STM32CubeIDE_1.14.1/STM32CubeIDE/plugins/com.st.stm32cube.ide.mcu.externaltools.gnu-tools-for-stm32.11.3.rel1.win32_1.1.100.202309141235/tools/bin/../lib/gcc/arm-none-eabi/11.3.1/../../../../arm-none-eabi/lib/thumb/v7e-m+fp/hard\libm.a
LOAD D:/ST/STM32CubeIDE_1.14.1/STM32CubeIDE/plugins/com.st.stm32cube.ide.mcu.externaltools.gnu-tools-for-stm32.11.3.rel1.win32_1.1.100.202309141235/tools/bin/../lib/gcc/arm-none-eabi/11.3.1/thumb/v7e-m+fp/hard\libgcc.a

.comment        0x0000000000000000       0x43
 .comment       0x0000000000000000       0x43 D:/ST/STM32CubeIDE_1.14.1/STM32CubeIDE/plugins/com.st.stm32cube.ide.mcu.externaltools.gnu-tools-for-stm32.11.3.rel1.win32_1.1.100.202309141235/tools/bin/../lib/gcc/arm-none-eabi/11.3.1/thumb/v7e-m+fp/hard/crtbegin.o
                                         0x44 (size before relaxing)
 .comment       0x0000000000000043       0x44 ./Core/Src/fonts.o
 .comment       0x0000000000000043       0x44 ./Core/Src/main.o
 .comment       0x0000000000000043       0x44 ./Core/Src/ssd1306.o
 .comment       0x0000000000000043       0x44 ./Core/Src/stm32f4xx_hal_msp.o
 .comment       0x0000000000000043       0x44 ./Core/Src/stm32f4xx_it.o
 .comment       0x0000000000000043       0x44 ./Core/Src/system_stm32f4xx.o
 .comment       0x0000000000000043       0x44 ./Drivers/STM32F4xx_HAL_Driver/Src/stm32f4xx_hal.o
 .comment       0x0000000000000043       0x44 ./Drivers/STM32F4xx_HAL_Driver/Src/stm32f4xx_hal_cortex.o
 .comment       0x0000000000000043       0x44 ./Drivers/STM32F4xx_HAL_Driver/Src/stm32f4xx_hal_gpio.o
 .comment       0x0000000000000043       0x44 ./Drivers/STM32F4xx_HAL_Driver/Src/stm32f4xx_hal_i2c.o
 .comment       0x0000000000000043       0x44 ./Drivers/STM32F4xx_HAL_Driver/Src/stm32f4xx_hal_rcc.o
 .comment       0x0000000000000043       0x44 ./Drivers/STM32F4xx_HAL_Driver/Src/stm32f4xx_hal_rcc_ex.o
 .comment       0x0000000000000043       0x44 ./Drivers/STM32F4xx_HAL_Driver/Src/stm32f4xx_hal_tim.o
 .comment       0x0000000000000043       0x44 ./Drivers/STM32F4xx_HAL_Driver/Src/stm32f4xx_hal_tim_ex.o
 .comment       0x0000000000000043       0x44 ./Drivers/STM32F4xx_HAL_Driver/Src/stm32f4xx_hal_uart.o

.debug_info     0x0000000000000000    0x101ae
 .debug_info    0x0000000000000000      0x255 ./Core/Src/fonts.o
 .debug_info    0x0000000000000255     0x159b ./Core/Src/main.o
 .debug_info    0x00000000000017f0     0x1081 ./Core/Src/ssd1306.o
 .debug_info    0x0000000000002871     0x1079 ./Core/Src/stm32f4xx_hal_msp.o
 .debug_info    0x00000000000038ea      0x112 ./Core/Src/stm32f4xx_it.o
 .debug_info    0x00000000000039fc      0x54a ./Core/Src/system_stm32f4xx.o
 .debug_info    0x0000000000003f46       0x23 ./Core/Startup/startup_stm32f446retx.o
 .debug_info    0x0000000000003f69      0x99a ./Drivers/STM32F4xx_HAL_Driver/Src/stm32f4xx_hal.o
 .debug_info    0x0000000000004903      0xd75 ./Drivers/STM32F4xx_HAL_Driver/Src/stm32f4xx_hal_cortex.o
 .debug_info    0x0000000000005678      0x70b ./Drivers/STM32F4xx_HAL_Driver/Src/stm32f4xx_hal_gpio.o
 .debug_info    0x0000000000005d83     0x2421 ./Drivers/STM32F4xx_HAL_Driver/Src/stm32f4xx_hal_i2c.o
 .debug_info    0x00000000000081a4      0x8ed ./Drivers/STM32F4xx_HAL_Driver/Src/stm32f4xx_hal_rcc.o
 .debug_info    0x0000000000008a91      0x956 ./Drivers/STM32F4xx_HAL_Driver/Src/stm32f4xx_hal_rcc_ex.o
 .debug_info    0x00000000000093e7     0x299d ./Drivers/STM32F4xx_HAL_Driver/Src/stm32f4xx_hal_tim.o
 .debug_info    0x000000000000bd84     0x14db ./Drivers/STM32F4xx_HAL_Driver/Src/stm32f4xx_hal_tim_ex.o
 .debug_info    0x000000000000d25f     0x2f4f ./Drivers/STM32F4xx_HAL_Driver/Src/stm32f4xx_hal_uart.o

.debug_abbrev   0x0000000000000000     0x216c
 .debug_abbrev  0x0000000000000000      0x11c ./Core/Src/fonts.o
 .debug_abbrev  0x000000000000011c      0x301 ./Core/Src/main.o
 .debug_abbrev  0x000000000000041d      0x30d ./Core/Src/ssd1306.o
 .debug_abbrev  0x000000000000072a      0x21d ./Core/Src/stm32f4xx_hal_msp.o
 .debug_abbrev  0x0000000000000947       0x73 ./Core/Src/stm32f4xx_it.o
 .debug_abbrev  0x00000000000009ba      0x11a ./Core/Src/system_stm32f4xx.o
 .debug_abbrev  0x0000000000000ad4       0x12 ./Core/Startup/startup_stm32f446retx.o
 .debug_abbrev  0x0000000000000ae6      0x214 ./Drivers/STM32F4xx_HAL_Driver/Src/stm32f4xx_hal.o
 .debug_abbrev  0x0000000000000cfa      0x328 ./Drivers/STM32F4xx_HAL_Driver/Src/stm32f4xx_hal_cortex.o
 .debug_abbrev  0x0000000000001022      0x1d4 ./Drivers/STM32F4xx_HAL_Driver/Src/stm32f4xx_hal_gpio.o
 .debug_abbrev  0x00000000000011f6      0x2ad ./Drivers/STM32F4xx_HAL_Driver/Src/stm32f4xx_hal_i2c.o
 .debug_abbrev  0x00000000000014a3      0x2b6 ./Drivers/STM32F4xx_HAL_Driver/Src/stm32f4xx_hal_rcc.o
 .debug_abbrev  0x0000000000001759      0x20a ./Drivers/STM32F4xx_HAL_Driver/Src/stm32f4xx_hal_rcc_ex.o
 .debug_abbrev  0x0000000000001963      0x278 ./Drivers/STM32F4xx_HAL_Driver/Src/stm32f4xx_hal_tim.o
 .debug_abbrev  0x0000000000001bdb      0x283 ./Drivers/STM32F4xx_HAL_Driver/Src/stm32f4xx_hal_tim_ex.o
 .debug_abbrev  0x0000000000001e5e      0x30e ./Drivers/STM32F4xx_HAL_Driver/Src/stm32f4xx_hal_uart.o

.debug_aranges  0x0000000000000000      0xfc0
 .debug_aranges
                0x0000000000000000       0x20 ./Core/Src/fonts.o
 .debug_aranges
                0x0000000000000020       0x50 ./Core/Src/main.o
 .debug_aranges
                0x0000000000000070       0xf8 ./Core/Src/ssd1306.o
 .debug_aranges
                0x0000000000000168       0x58 ./Core/Src/stm32f4xx_hal_msp.o
 .debug_aranges
                0x00000000000001c0       0x60 ./Core/Src/stm32f4xx_it.o
 .debug_aranges
                0x0000000000000220       0x28 ./Core/Src/system_stm32f4xx.o
 .debug_aranges
                0x0000000000000248       0x28 ./Core/Startup/startup_stm32f446retx.o
 .debug_aranges
                0x0000000000000270       0xf0 ./Drivers/STM32F4xx_HAL_Driver/Src/stm32f4xx_hal.o
 .debug_aranges
                0x0000000000000360      0x120 ./Drivers/STM32F4xx_HAL_Driver/Src/stm32f4xx_hal_cortex.o
 .debug_aranges
                0x0000000000000480       0x58 ./Drivers/STM32F4xx_HAL_Driver/Src/stm32f4xx_hal_gpio.o
 .debug_aranges
                0x00000000000004d8      0x2a8 ./Drivers/STM32F4xx_HAL_Driver/Src/stm32f4xx_hal_i2c.o
 .debug_aranges
                0x0000000000000780       0x88 ./Drivers/STM32F4xx_HAL_Driver/Src/stm32f4xx_hal_rcc.o
 .debug_aranges
                0x0000000000000808       0x78 ./Drivers/STM32F4xx_HAL_Driver/Src/stm32f4xx_hal_rcc_ex.o
 .debug_aranges
                0x0000000000000880      0x3d0 ./Drivers/STM32F4xx_HAL_Driver/Src/stm32f4xx_hal_tim.o
 .debug_aranges
                0x0000000000000c50      0x168 ./Drivers/STM32F4xx_HAL_Driver/Src/stm32f4xx_hal_tim_ex.o
 .debug_aranges
                0x0000000000000db8      0x208 ./Drivers/STM32F4xx_HAL_Driver/Src/stm32f4xx_hal_uart.o

.debug_rnglists
                0x0000000000000000      0xc82
 .debug_rnglists
                0x0000000000000000       0x13 ./Core/Src/fonts.o
 .debug_rnglists
                0x0000000000000013       0x3b ./Core/Src/main.o
 .debug_rnglists
                0x000000000000004e       0xc2 ./Core/Src/ssd1306.o
 .debug_rnglists
                0x0000000000000110       0x3f ./Core/Src/stm32f4xx_hal_msp.o
 .debug_rnglists
                0x000000000000014f       0x43 ./Core/Src/stm32f4xx_it.o
 .debug_rnglists
                0x0000000000000192       0x1a ./Core/Src/system_stm32f4xx.o
 .debug_rnglists
                0x00000000000001ac       0x19 ./Core/Startup/startup_stm32f446retx.o
 .debug_rnglists
                0x00000000000001c5       0xaf ./Drivers/STM32F4xx_HAL_Driver/Src/stm32f4xx_hal.o
 .debug_rnglists
                0x0000000000000274       0xd4 ./Drivers/STM32F4xx_HAL_Driver/Src/stm32f4xx_hal_cortex.o
 .debug_rnglists
                0x0000000000000348       0x3f ./Drivers/STM32F4xx_HAL_Driver/Src/stm32f4xx_hal_gpio.o
 .debug_rnglists
                0x0000000000000387      0x23c ./Drivers/STM32F4xx_HAL_Driver/Src/stm32f4xx_hal_i2c.o
 .debug_rnglists
                0x00000000000005c3       0x66 ./Drivers/STM32F4xx_HAL_Driver/Src/stm32f4xx_hal_rcc.o
 .debug_rnglists
                0x0000000000000629       0x5e ./Drivers/STM32F4xx_HAL_Driver/Src/stm32f4xx_hal_rcc_ex.o
 .debug_rnglists
                0x0000000000000687      0x31a ./Drivers/STM32F4xx_HAL_Driver/Src/stm32f4xx_hal_tim.o
 .debug_rnglists
                0x00000000000009a1      0x125 ./Drivers/STM32F4xx_HAL_Driver/Src/stm32f4xx_hal_tim_ex.o
 .debug_rnglists
                0x0000000000000ac6      0x1bc ./Drivers/STM32F4xx_HAL_Driver/Src/stm32f4xx_hal_uart.o

.debug_macro    0x0000000000000000    0x224cd
 .debug_macro   0x0000000000000000      0x2bf ./Core/Src/fonts.o
 .debug_macro   0x00000000000002bf      0xaa8 ./Core/Src/fonts.o
 .debug_macro   0x0000000000000d67      0x2a1 ./Core/Src/fonts.o
 .debug_macro   0x0000000000001008       0x2e ./Core/Src/fonts.o
 .debug_macro   0x0000000000001036       0x28 ./Core/Src/fonts.o
 .debug_macro   0x000000000000105e       0x22 ./Core/Src/fonts.o
 .debug_macro   0x0000000000001080       0x8e ./Core/Src/fonts.o
 .debug_macro   0x000000000000110e       0x51 ./Core/Src/fonts.o
 .debug_macro   0x000000000000115f      0x103 ./Core/Src/fonts.o
 .debug_macro   0x0000000000001262       0x6a ./Core/Src/fonts.o
 .debug_macro   0x00000000000012cc      0x1df ./Core/Src/fonts.o
 .debug_macro   0x00000000000014ab       0x1c ./Core/Src/fonts.o
 .debug_macro   0x00000000000014c7       0x22 ./Core/Src/fonts.o
 .debug_macro   0x00000000000014e9       0xfb ./Core/Src/fonts.o
 .debug_macro   0x00000000000015e4     0x1011 ./Core/Src/fonts.o
 .debug_macro   0x00000000000025f5      0x11f ./Core/Src/fonts.o
 .debug_macro   0x0000000000002714    0x16749 ./Core/Src/fonts.o
 .debug_macro   0x0000000000018e5d       0x6d ./Core/Src/fonts.o
 .debug_macro   0x0000000000018eca     0x368c ./Core/Src/fonts.o
 .debug_macro   0x000000000001c556      0x174 ./Core/Src/fonts.o
 .debug_macro   0x000000000001c6ca       0x5c ./Core/Src/fonts.o
 .debug_macro   0x000000000001c726      0xca5 ./Core/Src/fonts.o
 .debug_macro   0x000000000001d3cb      0x9e9 ./Core/Src/fonts.o
 .debug_macro   0x000000000001ddb4      0x115 ./Core/Src/fonts.o
 .debug_macro   0x000000000001dec9      0x1a0 ./Core/Src/fonts.o
 .debug_macro   0x000000000001e069       0xa5 ./Core/Src/fonts.o
 .debug_macro   0x000000000001e10e      0x16d ./Core/Src/fonts.o
 .debug_macro   0x000000000001e27b      0x287 ./Core/Src/fonts.o
 .debug_macro   0x000000000001e502       0x5f ./Core/Src/fonts.o
 .debug_macro   0x000000000001e561      0x236 ./Core/Src/fonts.o
 .debug_macro   0x000000000001e797      0x132 ./Core/Src/fonts.o
 .debug_macro   0x000000000001e8c9      0x29c ./Core/Src/fonts.o
 .debug_macro   0x000000000001eb65       0x2e ./Core/Src/fonts.o
 .debug_macro   0x000000000001eb93      0x1b5 ./Core/Src/fonts.o
 .debug_macro   0x000000000001ed48       0x22 ./Core/Src/fonts.o
 .debug_macro   0x000000000001ed6a       0xd6 ./Core/Src/fonts.o
 .debug_macro   0x000000000001ee40      0x127 ./Core/Src/fonts.o
 .debug_macro   0x000000000001ef67       0xe8 ./Core/Src/fonts.o
 .debug_macro   0x000000000001f04f       0x89 ./Core/Src/fonts.o
 .debug_macro   0x000000000001f0d8      0x8ed ./Core/Src/fonts.o
 .debug_macro   0x000000000001f9c5       0x53 ./Core/Src/fonts.o
 .debug_macro   0x000000000001fa18      0x2aa ./Core/Src/fonts.o
 .debug_macro   0x000000000001fcc2      0x126 ./Core/Src/fonts.o
 .debug_macro   0x000000000001fde8       0x61 ./Core/Src/fonts.o
 .debug_macro   0x000000000001fe49       0x2a ./Core/Src/fonts.o
 .debug_macro   0x000000000001fe73       0x43 ./Core/Src/fonts.o
 .debug_macro   0x000000000001feb6       0x34 ./Core/Src/fonts.o
 .debug_macro   0x000000000001feea       0x16 ./Core/Src/fonts.o
 .debug_macro   0x000000000001ff00       0x43 ./Core/Src/fonts.o
 .debug_macro   0x000000000001ff43       0x34 ./Core/Src/fonts.o
 .debug_macro   0x000000000001ff77       0x10 ./Core/Src/fonts.o
 .debug_macro   0x000000000001ff87       0x58 ./Core/Src/fonts.o
 .debug_macro   0x000000000001ffdf       0x8e ./Core/Src/fonts.o
 .debug_macro   0x000000000002006d       0x1c ./Core/Src/fonts.o
 .debug_macro   0x0000000000020089      0x177 ./Core/Src/fonts.o
 .debug_macro   0x0000000000020200      0x369 ./Core/Src/fonts.o
 .debug_macro   0x0000000000020569       0x10 ./Core/Src/fonts.o
 .debug_macro   0x0000000000020579       0x35 ./Core/Src/fonts.o
 .debug_macro   0x00000000000205ae       0x20 ./Core/Src/fonts.o
 .debug_macro   0x00000000000205ce      0x315 ./Core/Src/main.o
 .debug_macro   0x00000000000208e3       0x58 ./Core/Src/main.o
 .debug_macro   0x000000000002093b       0x16 ./Core/Src/main.o
 .debug_macro   0x0000000000020951       0x16 ./Core/Src/main.o
 .debug_macro   0x0000000000020967       0x29 ./Core/Src/main.o
 .debug_macro   0x0000000000020990       0x1d ./Core/Src/main.o
 .debug_macro   0x00000000000209ad      0x34a ./Core/Src/ssd1306.o
 .debug_macro   0x0000000000020cf7      0x1f6 ./Core/Src/stm32f4xx_hal_msp.o
 .debug_macro   0x0000000000020eed      0x200 ./Core/Src/stm32f4xx_it.o
 .debug_macro   0x00000000000210ed      0x1e7 ./Core/Src/system_stm32f4xx.o
 .debug_macro   0x00000000000212d4      0x247 ./Drivers/STM32F4xx_HAL_Driver/Src/stm32f4xx_hal.o
 .debug_macro   0x000000000002151b      0x1e7 ./Drivers/STM32F4xx_HAL_Driver/Src/stm32f4xx_hal_cortex.o
 .debug_macro   0x0000000000021702      0x1ed ./Drivers/STM32F4xx_HAL_Driver/Src/stm32f4xx_hal_gpio.o
 .debug_macro   0x00000000000218ef      0x235 ./Drivers/STM32F4xx_HAL_Driver/Src/stm32f4xx_hal_i2c.o
 .debug_macro   0x0000000000021b24      0x20b ./Drivers/STM32F4xx_HAL_Driver/Src/stm32f4xx_hal_rcc.o
 .debug_macro   0x0000000000021d2f      0x1e7 ./Drivers/STM32F4xx_HAL_Driver/Src/stm32f4xx_hal_rcc_ex.o
 .debug_macro   0x0000000000021f16      0x1e8 ./Drivers/STM32F4xx_HAL_Driver/Src/stm32f4xx_hal_tim.o
 .debug_macro   0x00000000000220fe      0x1e7 ./Drivers/STM32F4xx_HAL_Driver/Src/stm32f4xx_hal_tim_ex.o
 .debug_macro   0x00000000000222e5      0x1e8 ./Drivers/STM32F4xx_HAL_Driver/Src/stm32f4xx_hal_uart.o

.debug_line     0x0000000000000000    0x139e3
 .debug_line    0x0000000000000000      0x8e9 ./Core/Src/fonts.o
 .debug_line    0x00000000000008e9      0xb00 ./Core/Src/main.o
 .debug_line    0x00000000000013e9     0x10a2 ./Core/Src/ssd1306.o
 .debug_line    0x000000000000248b      0x883 ./Core/Src/stm32f4xx_hal_msp.o
 .debug_line    0x0000000000002d0e      0x842 ./Core/Src/stm32f4xx_it.o
 .debug_line    0x0000000000003550      0x801 ./Core/Src/system_stm32f4xx.o
 .debug_line    0x0000000000003d51       0x7a ./Core/Startup/startup_stm32f446retx.o
 .debug_line    0x0000000000003dcb      0xa67 ./Drivers/STM32F4xx_HAL_Driver/Src/stm32f4xx_hal.o
 .debug_line    0x0000000000004832      0xd33 ./Drivers/STM32F4xx_HAL_Driver/Src/stm32f4xx_hal_cortex.o
 .debug_line    0x0000000000005565      0xbc7 ./Drivers/STM32F4xx_HAL_Driver/Src/stm32f4xx_hal_gpio.o
 .debug_line    0x000000000000612c     0x3ac9 ./Drivers/STM32F4xx_HAL_Driver/Src/stm32f4xx_hal_i2c.o
 .debug_line    0x0000000000009bf5      0xdec ./Drivers/STM32F4xx_HAL_Driver/Src/stm32f4xx_hal_rcc.o
 .debug_line    0x000000000000a9e1     0x1488 ./Drivers/STM32F4xx_HAL_Driver/Src/stm32f4xx_hal_rcc_ex.o
 .debug_line    0x000000000000be69     0x37f3 ./Drivers/STM32F4xx_HAL_Driver/Src/stm32f4xx_hal_tim.o
 .debug_line    0x000000000000f65c     0x1a63 ./Drivers/STM32F4xx_HAL_Driver/Src/stm32f4xx_hal_tim_ex.o
 .debug_line    0x00000000000110bf     0x2924 ./Drivers/STM32F4xx_HAL_Driver/Src/stm32f4xx_hal_uart.o

.debug_str      0x0000000000000000    0xd2f03
 .debug_str     0x0000000000000000    0xcddfa ./Core/Src/fonts.o
                                      0xce0b3 (size before relaxing)
 .debug_str     0x00000000000cddfa     0x118c ./Core/Src/main.o
                                      0xcf2c8 (size before relaxing)
 .debug_str     0x00000000000cef86      0x4a5 ./Core/Src/ssd1306.o
                                      0xcebfa (size before relaxing)
 .debug_str     0x00000000000cf42b       0xe5 ./Core/Src/stm32f4xx_hal_msp.o
                                      0xcbbfe (size before relaxing)
 .debug_str     0x00000000000cf510       0xc9 ./Core/Src/stm32f4xx_it.o
                                      0xcb062 (size before relaxing)
 .debug_str     0x00000000000cf5d9       0xdb ./Core/Src/system_stm32f4xx.o
                                      0xcb08b (size before relaxing)
 .debug_str     0x00000000000cf6b4       0x34 ./Core/Startup/startup_stm32f446retx.o
                                         0x71 (size before relaxing)
 .debug_str     0x00000000000cf6e8      0xb11 ./Drivers/STM32F4xx_HAL_Driver/Src/stm32f4xx_hal.o
                                      0xcbc50 (size before relaxing)
 .debug_str     0x00000000000d01f9      0x361 ./Drivers/STM32F4xx_HAL_Driver/Src/stm32f4xx_hal_cortex.o
                                      0xcb975 (size before relaxing)
 .debug_str     0x00000000000d055a      0x121 ./Drivers/STM32F4xx_HAL_Driver/Src/stm32f4xx_hal_gpio.o
                                      0xcb206 (size before relaxing)
 .debug_str     0x00000000000d067b      0xb2f ./Drivers/STM32F4xx_HAL_Driver/Src/stm32f4xx_hal_i2c.o
                                      0xcc089 (size before relaxing)
 .debug_str     0x00000000000d11aa      0x213 ./Drivers/STM32F4xx_HAL_Driver/Src/stm32f4xx_hal_rcc.o
                                      0xcb4c4 (size before relaxing)
 .debug_str     0x00000000000d13bd      0x324 ./Drivers/STM32F4xx_HAL_Driver/Src/stm32f4xx_hal_rcc_ex.o
                                      0xcb4f7 (size before relaxing)
 .debug_str     0x00000000000d16e1      0xd79 ./Drivers/STM32F4xx_HAL_Driver/Src/stm32f4xx_hal_tim.o
                                      0xcc3f0 (size before relaxing)
 .debug_str     0x00000000000d245a      0x493 ./Drivers/STM32F4xx_HAL_Driver/Src/stm32f4xx_hal_tim_ex.o
                                      0xcbbfc (size before relaxing)
 .debug_str     0x00000000000d28ed      0x616 ./Drivers/STM32F4xx_HAL_Driver/Src/stm32f4xx_hal_uart.o
                                      0xcba7b (size before relaxing)

.debug_frame    0x0000000000000000     0x441c
 .debug_frame   0x0000000000000000       0x38 ./Core/Src/fonts.o
 .debug_frame   0x0000000000000038       0xec ./Core/Src/main.o
 .debug_frame   0x0000000000000124      0x414 ./Core/Src/ssd1306.o
 .debug_frame   0x0000000000000538      0x138 ./Core/Src/stm32f4xx_hal_msp.o
 .debug_frame   0x0000000000000670      0x104 ./Core/Src/stm32f4xx_it.o
 .debug_frame   0x0000000000000774       0x58 ./Core/Src/system_stm32f4xx.o
 .debug_frame   0x00000000000007cc      0x374 ./Drivers/STM32F4xx_HAL_Driver/Src/stm32f4xx_hal.o
 .debug_frame   0x0000000000000b40      0x4b8 ./Drivers/STM32F4xx_HAL_Driver/Src/stm32f4xx_hal_cortex.o
 .debug_frame   0x0000000000000ff8      0x14c ./Drivers/STM32F4xx_HAL_Driver/Src/stm32f4xx_hal_gpio.o
 .debug_frame   0x0000000000001144      0xc84 ./Drivers/STM32F4xx_HAL_Driver/Src/stm32f4xx_hal_i2c.o
 .debug_frame   0x0000000000001dc8      0x1f4 ./Drivers/STM32F4xx_HAL_Driver/Src/stm32f4xx_hal_rcc.o
 .debug_frame   0x0000000000001fbc      0x1e8 ./Drivers/STM32F4xx_HAL_Driver/Src/stm32f4xx_hal_rcc_ex.o
 .debug_frame   0x00000000000021a4     0x11c0 ./Drivers/STM32F4xx_HAL_Driver/Src/stm32f4xx_hal_tim.o
 .debug_frame   0x0000000000003364      0x638 ./Drivers/STM32F4xx_HAL_Driver/Src/stm32f4xx_hal_tim_ex.o
 .debug_frame   0x000000000000399c      0x954 ./Drivers/STM32F4xx_HAL_Driver/Src/stm32f4xx_hal_uart.o
 .debug_frame   0x00000000000042f0       0x38 D:/ST/STM32CubeIDE_1.14.1/STM32CubeIDE/plugins/com.st.stm32cube.ide.mcu.externaltools.gnu-tools-for-stm32.11.3.rel1.win32_1.1.100.202309141235/tools/bin/../lib/gcc/arm-none-eabi/11.3.1/../../../../arm-none-eabi/lib/thumb/v7e-m+fp/hard\libc_nano.a(libc_a-itoa.o)
 .debug_frame   0x0000000000004328       0x48 D:/ST/STM32CubeIDE_1.14.1/STM32CubeIDE/plugins/com.st.stm32cube.ide.mcu.externaltools.gnu-tools-for-stm32.11.3.rel1.win32_1.1.100.202309141235/tools/bin/../lib/gcc/arm-none-eabi/11.3.1/../../../../arm-none-eabi/lib/thumb/v7e-m+fp/hard\libc_nano.a(libc_a-utoa.o)
 .debug_frame   0x0000000000004370       0x20 D:/ST/STM32CubeIDE_1.14.1/STM32CubeIDE/plugins/com.st.stm32cube.ide.mcu.externaltools.gnu-tools-for-stm32.11.3.rel1.win32_1.1.100.202309141235/tools/bin/../lib/gcc/arm-none-eabi/11.3.1/../../../../arm-none-eabi/lib/thumb/v7e-m+fp/hard\libc_nano.a(libc_a-memset.o)
 .debug_frame   0x0000000000004390       0x2c D:/ST/STM32CubeIDE_1.14.1/STM32CubeIDE/plugins/com.st.stm32cube.ide.mcu.externaltools.gnu-tools-for-stm32.11.3.rel1.win32_1.1.100.202309141235/tools/bin/../lib/gcc/arm-none-eabi/11.3.1/../../../../arm-none-eabi/lib/thumb/v7e-m+fp/hard\libc_nano.a(libc_a-init.o)
 .debug_frame   0x00000000000043bc       0x2c D:/ST/STM32CubeIDE_1.14.1/STM32CubeIDE/plugins/com.st.stm32cube.ide.mcu.externaltools.gnu-tools-for-stm32.11.3.rel1.win32_1.1.100.202309141235/tools/bin/../lib/gcc/arm-none-eabi/11.3.1/thumb/v7e-m+fp/hard\libgcc.a(_aeabi_uldivmod.o)
 .debug_frame   0x00000000000043e8       0x34 D:/ST/STM32CubeIDE_1.14.1/STM32CubeIDE/plugins/com.st.stm32cube.ide.mcu.externaltools.gnu-tools-for-stm32.11.3.rel1.win32_1.1.100.202309141235/tools/bin/../lib/gcc/arm-none-eabi/11.3.1/thumb/v7e-m+fp/hard\libgcc.a(_udivmoddi4.o)

.debug_line_str
                0x0000000000000000       0x65
 .debug_line_str
                0x0000000000000000       0x65 ./Core/Startup/startup_stm32f446retx.o
                                         0x7d (size before relaxing)
