Archive member included to satisfy reference by file (symbol)

D:/ST/STM32CubeIDE_1.14.1/STM32CubeIDE/plugins/com.st.stm32cube.ide.mcu.externaltools.gnu-tools-for-stm32.11.3.rel1.win32_1.1.100.202309141235/tools/bin/../lib/gcc/arm-none-eabi/11.3.1/../../../../arm-none-eabi/lib/thumb/v7e-m+fp/hard\libc_nano.a(libc_a-exit.o)
                              D:/ST/STM32CubeIDE_1.14.1/STM32CubeIDE/plugins/com.st.stm32cube.ide.mcu.externaltools.gnu-tools-for-stm32.11.3.rel1.win32_1.1.100.202309141235/tools/bin/../lib/gcc/arm-none-eabi/11.3.1/../../../../arm-none-eabi/lib/thumb/v7e-m+fp/hard/crt0.o (exit)
D:/ST/STM32CubeIDE_1.14.1/STM32CubeIDE/plugins/com.st.stm32cube.ide.mcu.externaltools.gnu-tools-for-stm32.11.3.rel1.win32_1.1.100.202309141235/tools/bin/../lib/gcc/arm-none-eabi/11.3.1/../../../../arm-none-eabi/lib/thumb/v7e-m+fp/hard\libc_nano.a(libc_a-findfp.o)
                              D:/ST/STM32CubeIDE_1.14.1/STM32CubeIDE/plugins/com.st.stm32cube.ide.mcu.externaltools.gnu-tools-for-stm32.11.3.rel1.win32_1.1.100.202309141235/tools/bin/../lib/gcc/arm-none-eabi/11.3.1/../../../../arm-none-eabi/lib/thumb/v7e-m+fp/hard\libc_nano.a(libc_a-exit.o) (__stdio_exit_handler)
D:/ST/STM32CubeIDE_1.14.1/STM32CubeIDE/plugins/com.st.stm32cube.ide.mcu.externaltools.gnu-tools-for-stm32.11.3.rel1.win32_1.1.100.202309141235/tools/bin/../lib/gcc/arm-none-eabi/11.3.1/../../../../arm-none-eabi/lib/thumb/v7e-m+fp/hard\libc_nano.a(libc_a-fwalk.o)
                              D:/ST/STM32CubeIDE_1.14.1/STM32CubeIDE/plugins/com.st.stm32cube.ide.mcu.externaltools.gnu-tools-for-stm32.11.3.rel1.win32_1.1.100.202309141235/tools/bin/../lib/gcc/arm-none-eabi/11.3.1/../../../../arm-none-eabi/lib/thumb/v7e-m+fp/hard\libc_nano.a(libc_a-findfp.o) (_fwalk_sglue)
D:/ST/STM32CubeIDE_1.14.1/STM32CubeIDE/plugins/com.st.stm32cube.ide.mcu.externaltools.gnu-tools-for-stm32.11.3.rel1.win32_1.1.100.202309141235/tools/bin/../lib/gcc/arm-none-eabi/11.3.1/../../../../arm-none-eabi/lib/thumb/v7e-m+fp/hard\libc_nano.a(libc_a-snprintf.o)
                              ./Core/Src/ssd1306_tests.o (snprintf)
D:/ST/STM32CubeIDE_1.14.1/STM32CubeIDE/plugins/com.st.stm32cube.ide.mcu.externaltools.gnu-tools-for-stm32.11.3.rel1.win32_1.1.100.202309141235/tools/bin/../lib/gcc/arm-none-eabi/11.3.1/../../../../arm-none-eabi/lib/thumb/v7e-m+fp/hard\libc_nano.a(libc_a-stdio.o)
                              D:/ST/STM32CubeIDE_1.14.1/STM32CubeIDE/plugins/com.st.stm32cube.ide.mcu.externaltools.gnu-tools-for-stm32.11.3.rel1.win32_1.1.100.202309141235/tools/bin/../lib/gcc/arm-none-eabi/11.3.1/../../../../arm-none-eabi/lib/thumb/v7e-m+fp/hard\libc_nano.a(libc_a-findfp.o) (__sread)
D:/ST/STM32CubeIDE_1.14.1/STM32CubeIDE/plugins/com.st.stm32cube.ide.mcu.externaltools.gnu-tools-for-stm32.11.3.rel1.win32_1.1.100.202309141235/tools/bin/../lib/gcc/arm-none-eabi/11.3.1/../../../../arm-none-eabi/lib/thumb/v7e-m+fp/hard\libc_nano.a(libc_a-memmove.o)
                              ./Core/Src/ssd1306_tests.o (memmove)
D:/ST/STM32CubeIDE_1.14.1/STM32CubeIDE/plugins/com.st.stm32cube.ide.mcu.externaltools.gnu-tools-for-stm32.11.3.rel1.win32_1.1.100.202309141235/tools/bin/../lib/gcc/arm-none-eabi/11.3.1/../../../../arm-none-eabi/lib/thumb/v7e-m+fp/hard\libc_nano.a(libc_a-memset.o)
                              D:/ST/STM32CubeIDE_1.14.1/STM32CubeIDE/plugins/com.st.stm32cube.ide.mcu.externaltools.gnu-tools-for-stm32.11.3.rel1.win32_1.1.100.202309141235/tools/bin/../lib/gcc/arm-none-eabi/11.3.1/../../../../arm-none-eabi/lib/thumb/v7e-m+fp/hard/crt0.o (memset)
D:/ST/STM32CubeIDE_1.14.1/STM32CubeIDE/plugins/com.st.stm32cube.ide.mcu.externaltools.gnu-tools-for-stm32.11.3.rel1.win32_1.1.100.202309141235/tools/bin/../lib/gcc/arm-none-eabi/11.3.1/../../../../arm-none-eabi/lib/thumb/v7e-m+fp/hard\libc_nano.a(libc_a-closer.o)
                              D:/ST/STM32CubeIDE_1.14.1/STM32CubeIDE/plugins/com.st.stm32cube.ide.mcu.externaltools.gnu-tools-for-stm32.11.3.rel1.win32_1.1.100.202309141235/tools/bin/../lib/gcc/arm-none-eabi/11.3.1/../../../../arm-none-eabi/lib/thumb/v7e-m+fp/hard\libc_nano.a(libc_a-stdio.o) (_close_r)
D:/ST/STM32CubeIDE_1.14.1/STM32CubeIDE/plugins/com.st.stm32cube.ide.mcu.externaltools.gnu-tools-for-stm32.11.3.rel1.win32_1.1.100.202309141235/tools/bin/../lib/gcc/arm-none-eabi/11.3.1/../../../../arm-none-eabi/lib/thumb/v7e-m+fp/hard\libc_nano.a(libc_a-reent.o)
                              D:/ST/STM32CubeIDE_1.14.1/STM32CubeIDE/plugins/com.st.stm32cube.ide.mcu.externaltools.gnu-tools-for-stm32.11.3.rel1.win32_1.1.100.202309141235/tools/bin/../lib/gcc/arm-none-eabi/11.3.1/../../../../arm-none-eabi/lib/thumb/v7e-m+fp/hard\libc_nano.a(libc_a-closer.o) (errno)
D:/ST/STM32CubeIDE_1.14.1/STM32CubeIDE/plugins/com.st.stm32cube.ide.mcu.externaltools.gnu-tools-for-stm32.11.3.rel1.win32_1.1.100.202309141235/tools/bin/../lib/gcc/arm-none-eabi/11.3.1/../../../../arm-none-eabi/lib/thumb/v7e-m+fp/hard\libc_nano.a(libc_a-impure.o)
[...]
Memory Configuration

Name             Origin             Length             Attributes
RAM              0x0000000020000000 0x0000000000020000 xrw
FLASH            0x0000000008000000 0x0000000000080000 xr
*default*        0x0000000000000000 0xffffffffffffffff

Linker script and memory map

LOAD D:/ST/STM32CubeIDE_1.14.1/STM32CubeIDE/plugins/com.st.stm32cube.ide.mcu.externaltools.gnu-tools-for-stm32.11.3.rel1.win32_1.1.100.202309141235/tools/bin/../lib/gcc/arm-none-eabi/11.3.1/thumb/v7e-m+fp/hard/crti.o
LOAD D:/ST/STM32CubeIDE_1.14.1/STM32CubeIDE/plugins/com.st.stm32cube.ide.mcu.externaltools.gnu-tools-for-stm32.11.3.rel1.win32_1.1.100.202309141235/tools/bin/../lib/gcc/arm-none-eabi/11.3.1/thumb/v7e-m+fp/hard/crtbegin.o
LOAD D:/ST/STM32CubeIDE_1.14.1/STM32CubeIDE/plugins/com.st.stm32cube.ide.mcu.externaltools.gnu-tools-for-stm32.11.3.rel1.win32_1.1.100.202309141235/tools/bin/../lib/gcc/arm-none-eabi/11.3.1/../../../../arm-none-eabi/lib/thumb/v7e-m+fp/hard/crt0.o
LOAD ./Core/Src/main.o
LOAD ./Core/Src/ssd1306.o
LOAD ./Core/Src/ssd1306_fonts.o
LOAD ./Core/Src/ssd1306_tests.o
LOAD ./Core/Src/stm32f4xx_hal_msp.o
LOAD ./Core/Src/stm32f4xx_it.o
LOAD ./Core/Src/syscalls.o
LOAD ./Core/Src/sysmem.o
LOAD ./Core/Src/system_stm32f4xx.o
LOAD ./Core/Startup/startup_stm32f446retx.o
LOAD ./Drivers/STM32F4xx_HAL_Driver/Src/stm32f4xx_hal.o
LOAD ./Drivers/STM32F4xx_HAL_Driver/Src/stm32f4xx_hal_cortex.o
LOAD ./Drivers/STM32F4xx_HAL_Driver/Src/stm32f4xx_hal_dma.o
LOAD ./Drivers/STM32F4xx_HAL_Driver/Src/stm32f4xx_hal_dma_ex.o
LOAD ./Drivers/STM32F4xx_HAL_Driver/Src/stm32f4xx_hal_exti.o
LOAD ./Drivers/STM32F4xx_HAL_Driver/Src/stm32f4xx_hal_flash.o
LOAD ./Drivers/STM32F4xx_HAL_Driver/Src/stm32f4xx_hal_flash_ex.o
LOAD ./Drivers/STM32F4xx_HAL_Driver/Src/stm32f4xx_hal_flash_ramfunc.o
LOAD ./Drivers/STM32F4xx_HAL_Driver/Src/stm32f4xx_hal_gpio.o
LOAD ./Drivers/STM32F4xx_HAL_Driver/Src/stm32f4xx_hal_i2c.o
LOAD ./Drivers/STM32F4xx_HAL_Driver/Src/stm32f4xx_hal_i2c_ex.o
LOAD ./Drivers/STM32F4xx_HAL_Driver/Src/stm32f4xx_hal_pwr.o
LOAD ./Drivers/STM32F4xx_HAL_Driver/Src/stm32f4xx_hal_pwr_ex.o
LOAD ./Drivers/STM32F4xx_HAL_Driver/Src/stm32f4xx_hal_rcc.o
LOAD ./Drivers/STM32F4xx_HAL_Driver/Src/stm32f4xx_hal_rcc_ex.o
LOAD ./Drivers/STM32F4xx_HAL_Driver/Src/stm32f4xx_hal_tim.o
LOAD ./Drivers/STM32F4xx_HAL_Driver/Src/stm32f4xx_hal_tim_ex.o
LOAD ./Drivers/STM32F4xx_HAL_Driver/Src/stm32f4xx_hal_uart.o
START GROUP
LOAD D:/ST/STM32CubeIDE_1.14.1/STM32CubeIDE/plugins/com.st.stm32cube.ide.mcu.externaltools.gnu-tools-for-stm32.11.3.rel1.win32_1.1.100.202309141235/tools/bin/../lib/gcc/arm-none-eabi/11.3.1/../../../../arm-none-eabi/lib/thumb/v7e-m+fp/hard\libc_nano.a
LOAD D:/ST/STM32CubeIDE_1.14.1/STM32CubeIDE/plugins/com.st.stm32cube.ide.mcu.externaltools.gnu-tools-for-stm32.11.3.rel1.win32_1.1.100.202309141235/tools/bin/../lib/gcc/arm-none-eabi/11.3.1/../../../../arm-none-eabi/lib/thumb/v7e-m+fp/hard\libm.a
END GROUP
START GROUP
LOAD D:/ST/STM32CubeIDE_1.14.1/STM32CubeIDE/plugins/com.st.stm32cube.ide.mcu.externaltools.gnu-tools-for-stm32.11.3.rel1.win32_1.1.100.202309141235/tools/bin/../lib/gcc/arm-none-eabi/11.3.1/thumb/v7e-m+fp/hard\libgcc.a
LOAD D:/ST/STM32CubeIDE_1.14.1/STM32CubeIDE/plugins/com.st.stm32cube.ide.mcu.externaltools.gnu-tools-for-stm32.11.3.rel1.win32_1.1.100.202309141235/tools/bin/../lib/gcc/arm-none-eabi/11.3.1/../../../../arm-none-eabi/lib/thumb/v7e-m+fp/hard\libc_nano.a
END GROUP
START GROUP
LOAD D:/ST/STM32CubeIDE_1.14.1/STM32CubeIDE/plugins/com.st.stm32cube.ide.mcu.externaltools.gnu-tools-for-stm32.11.3.rel1.win32_1.1.100.202309141235/tools/bin/../lib/gcc/arm-none-eabi/11.3.1/thumb/v7e-m+fp/hard\libgcc.a
LOAD D:/ST/STM32CubeIDE_1.14.1/STM32CubeIDE/plugins/com.st.stm32cube.ide.mcu.externaltools.gnu-tools-for-stm32.11.3.rel1.win32_1.1.100.202309141235/tools/bin/../lib/gcc/arm-none-eabi/11.3.1/../../../../arm-none-eabi/lib/thumb/v7e-m+fp/hard\libc_nano.a
LOAD D:/ST/STM32CubeIDE_1.14.1/STM32CubeIDE/plugins/com.st.stm32cube.ide.mcu.externaltools.gnu-tools-for-stm32.11.3.rel1.win32_1.1.100.202309141235/tools/bin/../lib/gcc/arm-none-eabi/11.3.1/../../../../arm-none-eabi/lib/thumb/v7e-m+fp/hard\libnosys.a
END GROUP
START GROUP
LOAD D:/ST/STM32CubeIDE_1.14.1/STM32CubeIDE/plugins/com.st.stm32cube.ide.mcu.externaltools.gnu-tools-for-stm32.11.3.rel1.win32_1.1.100.202309141235/tools/bin/../lib/gcc/arm-none-eabi/11.3.1/thumb/v7e-m+fp/hard\libgcc.a
LOAD D:/ST/STM32CubeIDE_1.14.1/STM32CubeIDE/plugins/com.st.stm32cube.ide.mcu.externaltools.gnu-tools-for-stm32.11.3.rel1.win32_1.1.100.202309141235/tools/bin/../lib/gcc/arm-none-eabi/11.3.1/../../../../arm-none-eabi/lib/thumb/v7e-m+fp/hard\libc_nano.a
LOAD D:/ST/STM32CubeIDE_1.14.1/STM32CubeIDE/plugins/com.st.stm32cube.ide.mcu.externaltools.gnu-tools-for-stm32.11.3.rel1.win32_1.1.100.202309141235/tools/bin/../lib/gcc/arm-none-eabi/11.3.1/../../../../arm-none-eabi/lib/thumb/v7e-m+fp/hard\libnosys.a
END GROUP
LOAD D:/ST/STM32CubeIDE_1.14.1/STM32CubeIDE/plugins/com.st.stm32cube.ide.mcu.externaltools.gnu-tools-for-stm32.11.3.rel1.win32_1.1.100.202309141235/tools/bin/../lib/gcc/arm-none-eabi/11.3.1/thumb/v7e-m+fp/hard/crtend.o
LOAD D:/ST/STM32CubeIDE_1.14.1/STM32CubeIDE/plugins/com.st.stm32cube.ide.mcu.externaltools.gnu-tools-for-stm32.11.3.rel1.win32_1.1.100.202309141235/tools/bin/../lib/gcc/arm-none-eabi/11.3.1/thumb/v7e-m+fp/hard/crtn.o
                0x0000000020020000                _estack = (ORIGIN (RAM) + LENGTH (RAM))
                0x0000000000000200                _Min_Heap_Size = 0x200
                0x0000000000000400                _Min_Stack_Size = 0x400

.isr_vector     0x0000000008000000      0x1c4
                0x0000000008000000                . = ALIGN (0x4)
 *(.isr_vector)
 .isr_vector    0x0000000008000000      0x1c4 ./Core/Startup/startup_stm32f446retx.o
                0x0000000008000000                g_pfnVectors
                0x00000000080001c4                . = ALIGN (0x4)

.text           0x00000000080001c4     0x2e58
                0x00000000080001c4                . = ALIGN (0x4)
 *(.text)
 .text          0x00000000080001c4       0x40 D:/ST/STM32CubeIDE_1.14.1/STM32CubeIDE/plugins/com.st.stm32cube.ide.mcu.externaltools.gnu-tools-for-stm32.11.3.rel1.win32_1.1.100.202309141235/tools/bin/../lib/gcc/arm-none-eabi/11.3.1/thumb/v7e-m+fp/hard/crtbegin.o
 .text          0x0000000008000204       0x30 D:/ST/STM32CubeIDE_1.14.1/STM32CubeIDE/plugins/com.st.stm32cube.ide.mcu.externaltools.gnu-tools-for-stm32.11.3.rel1.win32_1.1.100.202309141235/tools/bin/../lib/gcc/arm-none-eabi/11.3.1/thumb/v7e-m+fp/hard\libgcc.a(_aeabi_uldivmod.o)
                0x0000000008000204                __aeabi_uldivmod
 .text          0x0000000008000234      0x2c8 D:/ST/STM32CubeIDE_1.14.1/STM32CubeIDE/plugins/com.st.stm32cube.ide.mcu.externaltools.gnu-tools-for-stm32.11.3.rel1.win32_1.1.100.202309141235/tools/bin/../lib/gcc/arm-none-eabi/11.3.1/thumb/v7e-m+fp/hard\libgcc.a(_udivmoddi4.o)
                0x0000000008000234                __udivmoddi4
 .text          0x00000000080004fc        0x4 D:/ST/STM32CubeIDE_1.14.1/STM32CubeIDE/plugins/com.st.stm32cube.ide.mcu.externaltools.gnu-tools-for-stm32.11.3.rel1.win32_1.1.100.202309141235/tools/bin/../lib/gcc/arm-none-eabi/11.3.1/thumb/v7e-m+fp/hard\libgcc.a(_dvmd_tls.o)
                0x00000000080004fc                __aeabi_idiv0
                0x00000000080004fc                __aeabi_ldiv0
 *(.text*)
 .text.main     0x0000000008000500       0x22 ./Core/Src/main.o
                0x0000000008000500                main
 *fill*         0x0000000008000522        0x2 
 .text.SystemClock_Config
                0x0000000008000524       0xdc ./Core/Src/main.o
                0x0000000008000524                SystemClock_Config
 .text.MX_I2C1_Init
                0x0000000008000600       0x5c ./Core/Src/main.o
 .text.MX_USART2_UART_Init
                0x000000000800065c       0x54 ./Core/Src/main.o
 .text.MX_GPIO_Init
                0x00000000080006b0       0xdc ./Core/Src/main.o
 .text.Error_Handler
                0x000000000800078c        0xa ./Core/Src/main.o
                0x000000000800078c                Error_Handler
 .text.ssd1306_Reset
                0x0000000008000796        0xe ./Core/Src/ssd1306.o
                0x0000000008000796                ssd1306_Reset
 .text.ssd1306_WriteCommand
                0x00000000080007a4       0x30 ./Core/Src/ssd1306.o
                0x00000000080007a4                ssd1306_WriteCommand
 .text.ssd1306_WriteData
                0x00000000080007d4       0x34 ./Core/Src/ssd1306.o
                0x00000000080007d4                ssd1306_WriteData
 .text.ssd1306_Init
                0x0000000008000808       0xd4 ./Core/Src/ssd1306.o
                0x0000000008000808                ssd1306_Init
 .text.ssd1306_Fill
                0x00000000080008dc       0x30 ./Core/Src/ssd1306.o
                0x00000000080008dc                ssd1306_Fill
 .text.ssd1306_UpdateScreen
                0x000000000800090c       0x50 ./Core/Src/ssd1306.o
                0x000000000800090c                ssd1306_UpdateScreen
 .text.ssd1306_DrawPixel
                0x000000000800095c       0xa8 ./Core/Src/ssd1306.o
                0x000000000800095c                ssd1306_DrawPixel
 .text.ssd1306_DrawBitmap
                0x0000000008000a04       0xb6 ./Core/Src/ssd1306.o
                0x0000000008000a04                ssd1306_DrawBitmap
 .text.ssd1306_SetContrast
                0x0000000008000aba       0x26 ./Core/Src/ssd1306.o
                0x0000000008000aba                ssd1306_SetContrast
 .text.ssd1306_SetDisplayOn
                0x0000000008000ae0       0x3c ./Core/Src/ssd1306.o
                0x0000000008000ae0                ssd1306_SetDisplayOn
 .text.ssd1306_TestDrawBitmap
                0x0000000008000b1c      0x14c ./Core/Src/ssd1306_tests.o
                0x0000000008000b1c                ssd1306_TestDrawBitmap
 .text.HAL_MspInit
                0x0000000008000c68       0x50 ./Core/Src/stm32f4xx_hal_msp.o
                0x0000000008000c68                HAL_MspInit
 .text.HAL_I2C_MspInit
                0x0000000008000cb8       0x90 ./Core/Src/stm32f4xx_hal_msp.o
                0x0000000008000cb8                HAL_I2C_MspInit
 .text.HAL_UART_MspInit
                0x0000000008000d48       0x90 ./Core/Src/stm32f4xx_hal_msp.o
                0x0000000008000d48                HAL_UART_MspInit
 .text.NMI_Handler
                0x0000000008000dd8        0x6 ./Core/Src/stm32f4xx_it.o
                0x0000000008000dd8                NMI_Handler
 .text.HardFault_Handler
                0x0000000008000dde        0x6 ./Core/Src/stm32f4xx_it.o
                0x0000000008000dde                HardFault_Handler
 .text.MemManage_Handler
                0x0000000008000de4        0x6 ./Core/Src/stm32f4xx_it.o
                0x0000000008000de4                MemManage_Handler
 .text.BusFault_Handler
                0x0000000008000dea        0x6 ./Core/Src/stm32f4xx_it.o
                0x0000000008000dea                BusFault_Handler
 .text.UsageFault_Handler
                0x0000000008000df0        0x6 ./Core/Src/stm32f4xx_it.o
                0x0000000008000df0                UsageFault_Handler
 .text.SVC_Handler
                0x0000000008000df6        0xe ./Core/Src/stm32f4xx_it.o
                0x0000000008000df6                SVC_Handler
 .text.DebugMon_Handler
                0x0000000008000e04        0xe ./Core/Src/stm32f4xx_it.o
                0x0000000008000e04                DebugMon_Handler
 .text.PendSV_Handler
                0x0000000008000e12        0xe ./Core/Src/stm32f4xx_it.o
                0x0000000008000e12                PendSV_Handler
 .text.SysTick_Handler
                0x0000000008000e20        0xc ./Core/Src/stm32f4xx_it.o
                0x0000000008000e20                SysTick_Handler
 .text.SystemInit
                0x0000000008000e2c       0x24 ./Core/Src/system_stm32f4xx.o
                0x0000000008000e2c                SystemInit
 .text.Reset_Handler
                0x0000000008000e50       0x50 ./Core/Startup/startup_stm32f446retx.o
                0x0000000008000e50                Reset_Handler
 .text.Default_Handler
                0x0000000008000ea0        0x2 ./Core/Startup/startup_stm32f446retx.o
                0x0000000008000ea0                RTC_Alarm_IRQHandler
                0x0000000008000ea0                EXTI2_IRQHandler
                0x0000000008000ea0                TIM8_CC_IRQHandler
                0x0000000008000ea0                FMPI2C1_EV_IRQHandler
                0x0000000008000ea0                SPI4_IRQHandler
                0x0000000008000ea0                TIM1_CC_IRQHandler
                0x0000000008000ea0                DMA2_Stream5_IRQHandler
                0x0000000008000ea0                DMA1_Stream5_IRQHandler
                0x0000000008000ea0                PVD_IRQHandler
                0x0000000008000ea0                SDIO_IRQHandler
                0x0000000008000ea0                TAMP_STAMP_IRQHandler
                0x0000000008000ea0                CAN2_RX1_IRQHandler
                0x0000000008000ea0                EXTI3_IRQHandler
                0x0000000008000ea0                TIM8_TRG_COM_TIM14_IRQHandler
                0x0000000008000ea0                TIM1_UP_TIM10_IRQHandler
                0x0000000008000ea0                TIM8_UP_TIM13_IRQHandler
                0x0000000008000ea0                I2C3_ER_IRQHandler
                0x0000000008000ea0                EXTI0_IRQHandler
                0x0000000008000ea0                I2C2_EV_IRQHandler
                0x0000000008000ea0                DMA1_Stream2_IRQHandler
                0x0000000008000ea0                CAN1_RX0_IRQHandler
                0x0000000008000ea0                FPU_IRQHandler
                0x0000000008000ea0                OTG_HS_WKUP_IRQHandler
                0x0000000008000ea0                CAN2_SCE_IRQHandler
                0x0000000008000ea0                DMA2_Stream2_IRQHandler
                0x0000000008000ea0                SPI1_IRQHandler
                0x0000000008000ea0                TIM6_DAC_IRQHandler
                0x0000000008000ea0                TIM1_BRK_TIM9_IRQHandler
                0x0000000008000ea0                DCMI_IRQHandler
                0x0000000008000ea0                CAN2_RX0_IRQHandler
                0x0000000008000ea0                DMA2_Stream3_IRQHandler
                0x0000000008000ea0                SAI2_IRQHandler
                0x0000000008000ea0                USART6_IRQHandler
                0x0000000008000ea0                USART3_IRQHandler
                0x0000000008000ea0                CAN1_RX1_IRQHandler
                0x0000000008000ea0                UART5_IRQHandler
                0x0000000008000ea0                DMA2_Stream0_IRQHandler
                0x0000000008000ea0                TIM4_IRQHandler
                0x0000000008000ea0                QUADSPI_IRQHandler
                0x0000000008000ea0                I2C1_EV_IRQHandler
                0x0000000008000ea0                DMA1_Stream6_IRQHandler
                0x0000000008000ea0                DMA1_Stream1_IRQHandler
                0x0000000008000ea0                UART4_IRQHandler
                0x0000000008000ea0                TIM3_IRQHandler
                0x0000000008000ea0                RCC_IRQHandler
                0x0000000008000ea0                TIM8_BRK_TIM12_IRQHandler
                0x0000000008000ea0                Default_Handler
                0x0000000008000ea0                CEC_IRQHandler
                0x0000000008000ea0                EXTI15_10_IRQHandler
                0x0000000008000ea0                ADC_IRQHandler
                0x0000000008000ea0                DMA1_Stream7_IRQHandler
                0x0000000008000ea0                TIM7_IRQHandler
                0x0000000008000ea0                CAN2_TX_IRQHandler
                0x0000000008000ea0                TIM5_IRQHandler
                0x0000000008000ea0                DMA2_Stream7_IRQHandler
                0x0000000008000ea0                I2C3_EV_IRQHandler
                0x0000000008000ea0                EXTI9_5_IRQHandler
                0x0000000008000ea0                RTC_WKUP_IRQHandler
                0x0000000008000ea0                SPDIF_RX_IRQHandler
                0x0000000008000ea0                SPI2_IRQHandler
                0x0000000008000ea0                OTG_HS_EP1_IN_IRQHandler
                0x0000000008000ea0                DMA1_Stream0_IRQHandler
                0x0000000008000ea0                CAN1_TX_IRQHandler
                0x0000000008000ea0                FMPI2C1_ER_IRQHandler
                0x0000000008000ea0                EXTI4_IRQHandler
                0x0000000008000ea0                OTG_HS_EP1_OUT_IRQHandler
                0x0000000008000ea0                WWDG_IRQHandler
                0x0000000008000ea0                TIM2_IRQHandler
                0x0000000008000ea0                OTG_FS_WKUP_IRQHandler
                0x0000000008000ea0                TIM1_TRG_COM_TIM11_IRQHandler
                0x0000000008000ea0                OTG_HS_IRQHandler
                0x0000000008000ea0                EXTI1_IRQHandler
                0x0000000008000ea0                USART2_IRQHandler
                0x0000000008000ea0                I2C2_ER_IRQHandler
                0x0000000008000ea0                DMA2_Stream1_IRQHandler
                0x0000000008000ea0                CAN1_SCE_IRQHandler
                0x0000000008000ea0                FLASH_IRQHandler
                0x0000000008000ea0                DMA2_Stream4_IRQHandler
                0x0000000008000ea0                USART1_IRQHandler
                0x0000000008000ea0                OTG_FS_IRQHandler
                0x0000000008000ea0                SPI3_IRQHandler
                0x0000000008000ea0                DMA1_Stream4_IRQHandler
                0x0000000008000ea0                I2C1_ER_IRQHandler
                0x0000000008000ea0                FMC_IRQHandler
                0x0000000008000ea0                DMA2_Stream6_IRQHandler
                0x0000000008000ea0                SAI1_IRQHandler
                0x0000000008000ea0                DMA1_Stream3_IRQHandler
 *fill*         0x0000000008000ea2        0x2 
 .text.HAL_Init
                0x0000000008000ea4       0x44 ./Drivers/STM32F4xx_HAL_Driver/Src/stm32f4xx_hal.o
                0x0000000008000ea4                HAL_Init
 .text.HAL_InitTick
                0x0000000008000ee8       0x60 ./Drivers/STM32F4xx_HAL_Driver/Src/stm32f4xx_hal.o
                0x0000000008000ee8                HAL_InitTick
 .text.HAL_IncTick
                0x0000000008000f48       0x28 ./Drivers/STM32F4xx_HAL_Driver/Src/stm32f4xx_hal.o
                0x0000000008000f48                HAL_IncTick
 .text.HAL_GetTick
                0x0000000008000f70       0x18 ./Drivers/STM32F4xx_HAL_Driver/Src/stm32f4xx_hal.o
                0x0000000008000f70                HAL_GetTick
 .text.HAL_Delay
                0x0000000008000f88       0x48 ./Drivers/STM32F4xx_HAL_Driver/Src/stm32f4xx_hal.o
                0x0000000008000f88                HAL_Delay
 .text.__NVIC_SetPriorityGrouping
                0x0000000008000fd0       0x48 ./Drivers/STM32F4xx_HAL_Driver/Src/stm32f4xx_hal_cortex.o
 .text.__NVIC_GetPriorityGrouping
                0x0000000008001018       0x1c ./Drivers/STM32F4xx_HAL_Driver/Src/stm32f4xx_hal_cortex.o
 .text.__NVIC_SetPriority
                0x0000000008001034       0x54 ./Drivers/STM32F4xx_HAL_Driver/Src/stm32f4xx_hal_cortex.o
 .text.NVIC_EncodePriority
                0x0000000008001088       0x66 ./Drivers/STM32F4xx_HAL_Driver/Src/stm32f4xx_hal_cortex.o
 *fill*         0x00000000080010ee        0x2 
 .text.SysTick_Config
                0x00000000080010f0       0x44 ./Drivers/STM32F4xx_HAL_Driver/Src/stm32f4xx_hal_cortex.o
 .text.HAL_NVIC_SetPriorityGrouping
                0x0000000008001134       0x16 ./Drivers/STM32F4xx_HAL_Driver/Src/stm32f4xx_hal_cortex.o
                0x0000000008001134                HAL_NVIC_SetPriorityGrouping
 .text.HAL_NVIC_SetPriority
                0x000000000800114a       0x38 ./Drivers/STM32F4xx_HAL_Driver/Src/stm32f4xx_hal_cortex.o
                0x000000000800114a                HAL_NVIC_SetPriority
 .text.HAL_SYSTICK_Config
                0x0000000008001182       0x18 ./Drivers/STM32F4xx_HAL_Driver/Src/stm32f4xx_hal_cortex.o
                0x0000000008001182                HAL_SYSTICK_Config
 *fill*         0x000000000800119a        0x2 
 .text.HAL_GPIO_Init
                0x000000000800119c      0x328 ./Drivers/STM32F4xx_HAL_Driver/Src/stm32f4xx_hal_gpio.o
                0x000000000800119c                HAL_GPIO_Init
 .text.HAL_GPIO_WritePin
                0x00000000080014c4       0x32 ./Drivers/STM32F4xx_HAL_Driver/Src/stm32f4xx_hal_gpio.o
                0x00000000080014c4                HAL_GPIO_WritePin
 *fill*         0x00000000080014f6        0x2 
 .text.HAL_I2C_Init
                0x00000000080014f8      0x288 ./Drivers/STM32F4xx_HAL_Driver/Src/stm32f4xx_hal_i2c.o
                0x00000000080014f8                HAL_I2C_Init
 .text.HAL_I2C_Mem_Write
                0x0000000008001780      0x1f4 ./Drivers/STM32F4xx_HAL_Driver/Src/stm32f4xx_hal_i2c.o
                0x0000000008001780                HAL_I2C_Mem_Write
 .text.I2C_RequestMemoryWrite
                0x0000000008001974      0x12c ./Drivers/STM32F4xx_HAL_Driver/Src/stm32f4xx_hal_i2c.o
 .text.I2C_WaitOnFlagUntilTimeout
                0x0000000008001aa0       0xf4 ./Drivers/STM32F4xx_HAL_Driver/Src/stm32f4xx_hal_i2c.o
 .text.I2C_WaitOnMasterAddressFlagUntilTimeout
                0x0000000008001b94      0x140 ./Drivers/STM32F4xx_HAL_Driver/Src/stm32f4xx_hal_i2c.o
 .text.I2C_WaitOnTXEFlagUntilTimeout
                0x0000000008001cd4       0x90 ./Drivers/STM32F4xx_HAL_Driver/Src/stm32f4xx_hal_i2c.o
 .text.I2C_WaitOnBTFFlagUntilTimeout
                0x0000000008001d64       0x90 ./Drivers/STM32F4xx_HAL_Driver/Src/stm32f4xx_hal_i2c.o
 .text.I2C_IsAcknowledgeFailed
                0x0000000008001df4       0x5e ./Drivers/STM32F4xx_HAL_Driver/Src/stm32f4xx_hal_i2c.o
 *fill*         0x0000000008001e52        0x2 
 .text.HAL_RCC_ClockConfig
                0x0000000008001e54      0x1cc ./Drivers/STM32F4xx_HAL_Driver/Src/stm32f4xx_hal_rcc.o
                0x0000000008001e54                HAL_RCC_ClockConfig
 .text.HAL_RCC_GetHCLKFreq
                0x0000000008002020       0x18 ./Drivers/STM32F4xx_HAL_Driver/Src/stm32f4xx_hal_rcc.o
                0x0000000008002020                HAL_RCC_GetHCLKFreq
 .text.HAL_RCC_GetPCLK1Freq
                0x0000000008002038       0x28 ./Drivers/STM32F4xx_HAL_Driver/Src/stm32f4xx_hal_rcc.o
                0x0000000008002038                HAL_RCC_GetPCLK1Freq
 .text.HAL_RCC_GetPCLK2Freq
                0x0000000008002060       0x28 ./Drivers/STM32F4xx_HAL_Driver/Src/stm32f4xx_hal_rcc.o
                0x0000000008002060                HAL_RCC_GetPCLK2Freq
 .text.HAL_RCC_GetSysClockFreq
                0x0000000008002088      0x460 ./Drivers/STM32F4xx_HAL_Driver/Src/stm32f4xx_hal_rcc_ex.o
                0x0000000008002088                HAL_RCC_GetSysClockFreq
 .text.HAL_RCC_OscConfig
                0x00000000080024e8      0x53c ./Drivers/STM32F4xx_HAL_Driver/Src/stm32f4xx_hal_rcc_ex.o
                0x00000000080024e8                HAL_RCC_OscConfig
 .text.HAL_UART_Init
                0x0000000008002a24       0xa0 ./Drivers/STM32F4xx_HAL_Driver/Src/stm32f4xx_hal_uart.o
                0x0000000008002a24                HAL_UART_Init
 .text.UART_SetConfig
                0x0000000008002ac4      0x4e8 ./Drivers/STM32F4xx_HAL_Driver/Src/stm32f4xx_hal_uart.o
 .text.memset   0x0000000008002fac       0x10 D:/ST/STM32CubeIDE_1.14.1/STM32CubeIDE/plugins/com.st.stm32cube.ide.mcu.externaltools.gnu-tools-for-stm32.11.3.rel1.win32_1.1.100.202309141235/tools/bin/../lib/gcc/arm-none-eabi/11.3.1/../../../../arm-none-eabi/lib/thumb/v7e-m+fp/hard\libc_nano.a(libc_a-memset.o)
                0x0000000008002fac                memset
 .text.__libc_init_array
                0x0000000008002fbc       0x48 D:/ST/STM32CubeIDE_1.14.1/STM32CubeIDE/plugins/com.st.stm32cube.ide.mcu.externaltools.gnu-tools-for-stm32.11.3.rel1.win32_1.1.100.202309141235/tools/bin/../lib/gcc/arm-none-eabi/11.3.1/../../../../arm-none-eabi/lib/thumb/v7e-m+fp/hard\libc_nano.a(libc_a-init.o)
                0x0000000008002fbc                __libc_init_array
 *(.glue_7)
 .glue_7        0x0000000008003004        0x0 linker stubs
 *(.glue_7t)
 .glue_7t       0x0000000008003004        0x0 linker stubs
 *(.eh_frame)
 .eh_frame      0x0000000008003004        0x0 D:/ST/STM32CubeIDE_1.14.1/STM32CubeIDE/plugins/com.st.stm32cube.ide.mcu.externaltools.gnu-tools-for-stm32.11.3.rel1.win32_1.1.100.202309141235/tools/bin/../lib/gcc/arm-none-eabi/11.3.1/thumb/v7e-m+fp/hard/crtbegin.o
 *(.init)
 .init          0x0000000008003004        0x4 D:/ST/STM32CubeIDE_1.14.1/STM32CubeIDE/plugins/com.st.stm32cube.ide.mcu.externaltools.gnu-tools-for-stm32.11.3.rel1.win32_1.1.100.202309141235/tools/bin/../lib/gcc/arm-none-eabi/11.3.1/thumb/v7e-m+fp/hard/crti.o
                0x0000000008003004                _init
 .init          0x0000000008003008        0x8 D:/ST/STM32CubeIDE_1.14.1/STM32CubeIDE/plugins/com.st.stm32cube.ide.mcu.externaltools.gnu-tools-for-stm32.11.3.rel1.win32_1.1.100.202309141235/tools/bin/../lib/gcc/arm-none-eabi/11.3.1/thumb/v7e-m+fp/hard/crtn.o
 *(.fini)
 .fini          0x0000000008003010        0x4 D:/ST/STM32CubeIDE_1.14.1/STM32CubeIDE/plugins/com.st.stm32cube.ide.mcu.externaltools.gnu-tools-for-stm32.11.3.rel1.win32_1.1.100.202309141235/tools/bin/../lib/gcc/arm-none-eabi/11.3.1/thumb/v7e-m+fp/hard/crti.o
                0x0000000008003010                _fini
 .fini          0x0000000008003014        0x8 D:/ST/STM32CubeIDE_1.14.1/STM32CubeIDE/plugins/com.st.stm32cube.ide.mcu.externaltools.gnu-tools-for-stm32.11.3.rel1.win32_1.1.100.202309141235/tools/bin/../lib/gcc/arm-none-eabi/11.3.1/thumb/v7e-m+fp/hard/crtn.o
                0x000000000800301c                . = ALIGN (0x4)
                0x000000000800301c                _etext = .

.vfp11_veneer   0x000000000800301c        0x0
 .vfp11_veneer  0x000000000800301c        0x0 linker stubs

.v4_bx          0x000000000800301c        0x0
 .v4_bx         0x000000000800301c        0x0 linker stubs

.iplt           0x000000000800301c        0x0
 .iplt          0x000000000800301c        0x0 D:/ST/STM32CubeIDE_1.14.1/STM32CubeIDE/plugins/com.st.stm32cube.ide.mcu.externaltools.gnu-tools-for-stm32.11.3.rel1.win32_1.1.100.202309141235/tools/bin/../lib/gcc/arm-none-eabi/11.3.1/thumb/v7e-m+fp/hard/crtbegin.o

.rodata         0x000000000800301c     0x2018
                0x000000000800301c                . = ALIGN (0x4)
 *(.rodata)
 *(.rodata*)
 .rodata.epd_bitmap_catFrame0
                0x000000000800301c      0x400 ./Core/Src/ssd1306_tests.o
                0x000000000800301c                epd_bitmap_catFrame0
 .rodata.epd_bitmap_catFrame1
                0x000000000800341c      0x400 ./Core/Src/ssd1306_tests.o
                0x000000000800341c                epd_bitmap_catFrame1
 .rodata.epd_bitmap_catFrame3
                0x000000000800381c      0x400 ./Core/Src/ssd1306_tests.o
                0x000000000800381c                epd_bitmap_catFrame3
 .rodata.epd_bitmap_catFrame2
                0x0000000008003c1c      0x400 ./Core/Src/ssd1306_tests.o
                0x0000000008003c1c                epd_bitmap_catFrame2
 .rodata.epd_bitmap_catFrame4
                0x000000000800401c      0x400 ./Core/Src/ssd1306_tests.o
                0x000000000800401c                epd_bitmap_catFrame4
 .rodata.epd_bitmap_catFrame7
                0x000000000800441c      0x400 ./Core/Src/ssd1306_tests.o
                0x000000000800441c                epd_bitmap_catFrame7
 .rodata.epd_bitmap_catFrame6
                0x000000000800481c      0x400 ./Core/Src/ssd1306_tests.o
                0x000000000800481c                epd_bitmap_catFrame6
 .rodata.epd_bitmap_catFrame5
                0x0000000008004c1c      0x400 ./Core/Src/ssd1306_tests.o
                0x0000000008004c1c                epd_bitmap_catFrame5
 .rodata.AHBPrescTable
                0x000000000800501c       0x10 ./Core/Src/system_stm32f4xx.o
                0x000000000800501c                AHBPrescTable
 .rodata.APBPrescTable
                0x000000000800502c        0x8 ./Core/Src/system_stm32f4xx.o
                0x000000000800502c                APBPrescTable
                0x0000000008005034                . = ALIGN (0x4)

.ARM.extab      0x0000000008005034        0x0
                0x0000000008005034                . = ALIGN (0x4)
 *(.ARM.extab* .gnu.linkonce.armextab.*)
                0x0000000008005034                . = ALIGN (0x4)

.ARM            0x0000000008005034        0x8
                0x0000000008005034                . = ALIGN (0x4)
                0x0000000008005034                __exidx_start = .
 *(.ARM.exidx*)
 .ARM.exidx     0x0000000008005034        0x8 D:/ST/STM32CubeIDE_1.14.1/STM32CubeIDE/plugins/com.st.stm32cube.ide.mcu.externaltools.gnu-tools-for-stm32.11.3.rel1.win32_1.1.100.202309141235/tools/bin/../lib/gcc/arm-none-eabi/11.3.1/thumb/v7e-m+fp/hard\libgcc.a(_udivmoddi4.o)
                0x000000000800503c                __exidx_end = .
                0x000000000800503c                . = ALIGN (0x4)

.rel.dyn        0x000000000800503c        0x0
 .rel.iplt      0x000000000800503c        0x0 D:/ST/STM32CubeIDE_1.14.1/STM32CubeIDE/plugins/com.st.stm32cube.ide.mcu.externaltools.gnu-tools-for-stm32.11.3.rel1.win32_1.1.100.202309141235/tools/bin/../lib/gcc/arm-none-eabi/11.3.1/thumb/v7e-m+fp/hard/crtbegin.o

.preinit_array  0x000000000800503c        0x0
                0x000000000800503c                . = ALIGN (0x4)
                0x000000000800503c                PROVIDE (__preinit_array_start = .)
 *(.preinit_array*)
                0x000000000800503c                PROVIDE (__preinit_array_end = .)
                0x000000000800503c                . = ALIGN (0x4)

.init_array     0x000000000800503c        0x4
                0x000000000800503c                . = ALIGN (0x4)
                0x000000000800503c                PROVIDE (__init_array_start = .)
 *(SORT_BY_NAME(.init_array.*))
 *(.init_array*)
 .init_array    0x000000000800503c        0x4 D:/ST/STM32CubeIDE_1.14.1/STM32CubeIDE/plugins/com.st.stm32cube.ide.mcu.externaltools.gnu-tools-for-stm32.11.3.rel1.win32_1.1.100.202309141235/tools/bin/../lib/gcc/arm-none-eabi/11.3.1/thumb/v7e-m+fp/hard/crtbegin.o
                0x0000000008005040                PROVIDE (__init_array_end = .)
                0x0000000008005040                . = ALIGN (0x4)

.fini_array     0x0000000008005040        0x4
                0x0000000008005040                . = ALIGN (0x4)
                [!provide]                        PROVIDE (__fini_array_start = .)
 *(SORT_BY_NAME(.fini_array.*))
 *(.fini_array*)
 .fini_array    0x0000000008005040        0x4 D:/ST/STM32CubeIDE_1.14.1/STM32CubeIDE/plugins/com.st.stm32cube.ide.mcu.externaltools.gnu-tools-for-stm32.11.3.rel1.win32_1.1.100.202309141235/tools/bin/../lib/gcc/arm-none-eabi/11.3.1/thumb/v7e-m+fp/hard/crtbegin.o
                [!provide]                        PROVIDE (__fini_array_end = .)
                0x0000000008005044                . = ALIGN (0x4)
                0x0000000008005044                _sidata = LOADADDR (.data)

.data           0x0000000020000000        0xc load address 0x0000000008005044
                0x0000000020000000                . = ALIGN (0x4)
                0x0000000020000000                _sdata = .
 *(.data)
 *(.data*)
 .data.SystemCoreClock
                0x0000000020000000        0x4 ./Core/Src/system_stm32f4xx.o
                0x0000000020000000                SystemCoreClock
 .data.uwTickPrio
                0x0000000020000004        0x4 ./Drivers/STM32F4xx_HAL_Driver/Src/stm32f4xx_hal.o
                0x0000000020000004                uwTickPrio
 .data.uwTickFreq
                0x0000000020000008        0x1 ./Drivers/STM32F4xx_HAL_Driver/Src/stm32f4xx_hal.o
                0x0000000020000008                uwTickFreq
 *(.RamFunc)
 *(.RamFunc*)
                0x000000002000000c                . = ALIGN (0x4)
 *fill*         0x0000000020000009        0x3 
                0x000000002000000c                _edata = .

.igot.plt       0x000000002000000c        0x0 load address 0x0000000008005050
 .igot.plt      0x000000002000000c        0x0 D:/ST/STM32CubeIDE_1.14.1/STM32CubeIDE/plugins/com.st.stm32cube.ide.mcu.externaltools.gnu-tools-for-stm32.11.3.rel1.win32_1.1.100.202309141235/tools/bin/../lib/gcc/arm-none-eabi/11.3.1/thumb/v7e-m+fp/hard/crtbegin.o
                0x000000002000000c                . = ALIGN (0x4)

.bss            0x000000002000000c      0x4c4 load address 0x0000000008005050
                0x000000002000000c                _sbss = .
                0x000000002000000c                __bss_start__ = _sbss
 *(.bss)
 .bss           0x000000002000000c       0x1c D:/ST/STM32CubeIDE_1.14.1/STM32CubeIDE/plugins/com.st.stm32cube.ide.mcu.externaltools.gnu-tools-for-stm32.11.3.rel1.win32_1.1.100.202309141235/tools/bin/../lib/gcc/arm-none-eabi/11.3.1/thumb/v7e-m+fp/hard/crtbegin.o
 *(.bss*)
 .bss.hi2c1     0x0000000020000028       0x54 ./Core/Src/main.o
                0x0000000020000028                hi2c1
 .bss.huart2    0x000000002000007c       0x48 ./Core/Src/main.o
                0x000000002000007c                huart2
 .bss.SSD1306_Buffer
                0x00000000200000c4      0x400 ./Core/Src/ssd1306.o
 .bss.SSD1306   0x00000000200004c4        0x6 ./Core/Src/ssd1306.o
 *fill*         0x00000000200004ca        0x2 
 .bss.uwTick    0x00000000200004cc        0x4 ./Drivers/STM32F4xx_HAL_Driver/Src/stm32f4xx_hal.o
                0x00000000200004cc                uwTick
 *(COMMON)
                0x00000000200004d0                . = ALIGN (0x4)
                0x00000000200004d0                _ebss = .
                0x00000000200004d0                __bss_end__ = _ebss

._user_heap_stack
                0x00000000200004d0      0x600 load address 0x0000000008005050
                0x00000000200004d0                . = ALIGN (0x8)
                [!provide]                        PROVIDE (end = .)
                0x00000000200004d0                PROVIDE (_end = .)
                0x00000000200006d0                . = (. + _Min_Heap_Size)
 *fill*         0x00000000200004d0      0x200 
                0x0000000020000ad0                . = (. + _Min_Stack_Size)
 *fill*         0x00000000200006d0      0x400 
                0x0000000020000ad0                . = ALIGN (0x8)

/DISCARD/
 libc.a(*)
 libm.a(*)
 libgcc.a(*)

.ARM.attributes
                0x0000000000000000       0x30
 *(.ARM.attributes)
 .ARM.attributes
                0x0000000000000000       0x1e D:/ST/STM32CubeIDE_1.14.1/STM32CubeIDE/plugins/com.st.stm32cube.ide.mcu.externaltools.gnu-tools-for-stm32.11.3.rel1.win32_1.1.100.202309141235/tools/bin/../lib/gcc/arm-none-eabi/11.3.1/thumb/v7e-m+fp/hard/crti.o
 .ARM.attributes
                0x000000000000001e       0x34 D:/ST/STM32CubeIDE_1.14.1/STM32CubeIDE/plugins/com.st.stm32cube.ide.mcu.externaltools.gnu-tools-for-stm32.11.3.rel1.win32_1.1.100.202309141235/tools/bin/../lib/gcc/arm-none-eabi/11.3.1/thumb/v7e-m+fp/hard/crtbegin.o
 .ARM.attributes
                0x0000000000000052       0x34 ./Core/Src/main.o
 .ARM.attributes
                0x0000000000000086       0x34 ./Core/Src/ssd1306.o
 .ARM.attributes
                0x00000000000000ba       0x34 ./Core/Src/ssd1306_tests.o
 .ARM.attributes
                0x00000000000000ee       0x34 ./Core/Src/stm32f4xx_hal_msp.o
 .ARM.attributes
                0x0000000000000122       0x34 ./Core/Src/stm32f4xx_it.o
 .ARM.attributes
                0x0000000000000156       0x34 ./Core/Src/system_stm32f4xx.o
 .ARM.attributes
                0x000000000000018a       0x21 ./Core/Startup/startup_stm32f446retx.o
 .ARM.attributes
                0x00000000000001ab       0x34 ./Drivers/STM32F4xx_HAL_Driver/Src/stm32f4xx_hal.o
 .ARM.attributes
                0x00000000000001df       0x34 ./Drivers/STM32F4xx_HAL_Driver/Src/stm32f4xx_hal_cortex.o
 .ARM.attributes
                0x0000000000000213       0x34 ./Drivers/STM32F4xx_HAL_Driver/Src/stm32f4xx_hal_gpio.o
 .ARM.attributes
                0x0000000000000247       0x34 ./Drivers/STM32F4xx_HAL_Driver/Src/stm32f4xx_hal_i2c.o
 .ARM.attributes
                0x000000000000027b       0x34 ./Drivers/STM32F4xx_HAL_Driver/Src/stm32f4xx_hal_rcc.o
 .ARM.attributes
                0x00000000000002af       0x34 ./Drivers/STM32F4xx_HAL_Driver/Src/stm32f4xx_hal_rcc_ex.o
 .ARM.attributes
                0x00000000000002e3       0x34 ./Drivers/STM32F4xx_HAL_Driver/Src/stm32f4xx_hal_uart.o
 .ARM.attributes
                0x0000000000000317       0x34 D:/ST/STM32CubeIDE_1.14.1/STM32CubeIDE/plugins/com.st.stm32cube.ide.mcu.externaltools.gnu-tools-for-stm32.11.3.rel1.win32_1.1.100.202309141235/tools/bin/../lib/gcc/arm-none-eabi/11.3.1/../../../../arm-none-eabi/lib/thumb/v7e-m+fp/hard\libc_nano.a(libc_a-memset.o)
 .ARM.attributes
                0x000000000000034b       0x34 D:/ST/STM32CubeIDE_1.14.1/STM32CubeIDE/plugins/com.st.stm32cube.ide.mcu.externaltools.gnu-tools-for-stm32.11.3.rel1.win32_1.1.100.202309141235/tools/bin/../lib/gcc/arm-none-eabi/11.3.1/../../../../arm-none-eabi/lib/thumb/v7e-m+fp/hard\libc_nano.a(libc_a-init.o)
 .ARM.attributes
                0x000000000000037f       0x1e D:/ST/STM32CubeIDE_1.14.1/STM32CubeIDE/plugins/com.st.stm32cube.ide.mcu.externaltools.gnu-tools-for-stm32.11.3.rel1.win32_1.1.100.202309141235/tools/bin/../lib/gcc/arm-none-eabi/11.3.1/thumb/v7e-m+fp/hard\libgcc.a(_aeabi_uldivmod.o)
 .ARM.attributes
                0x000000000000039d       0x34 D:/ST/STM32CubeIDE_1.14.1/STM32CubeIDE/plugins/com.st.stm32cube.ide.mcu.externaltools.gnu-tools-for-stm32.11.3.rel1.win32_1.1.100.202309141235/tools/bin/../lib/gcc/arm-none-eabi/11.3.1/thumb/v7e-m+fp/hard\libgcc.a(_udivmoddi4.o)
 .ARM.attributes
                0x00000000000003d1       0x1e D:/ST/STM32CubeIDE_1.14.1/STM32CubeIDE/plugins/com.st.stm32cube.ide.mcu.externaltools.gnu-tools-for-stm32.11.3.rel1.win32_1.1.100.202309141235/tools/bin/../lib/gcc/arm-none-eabi/11.3.1/thumb/v7e-m+fp/hard\libgcc.a(_dvmd_tls.o)
 .ARM.attributes
                0x00000000000003ef       0x1e D:/ST/STM32CubeIDE_1.14.1/STM32CubeIDE/plugins/com.st.stm32cube.ide.mcu.externaltools.gnu-tools-for-stm32.11.3.rel1.win32_1.1.100.202309141235/tools/bin/../lib/gcc/arm-none-eabi/11.3.1/thumb/v7e-m+fp/hard/crtn.o
OUTPUT(guitarPedal3.elf elf32-littlearm)
LOAD linker stubs
LOAD D:/ST/STM32CubeIDE_1.14.1/STM32CubeIDE/plugins/com.st.stm32cube.ide.mcu.externaltools.gnu-tools-for-stm32.11.3.rel1.win32_1.1.100.202309141235/tools/bin/../lib/gcc/arm-none-eabi/11.3.1/../../../../arm-none-eabi/lib/thumb/v7e-m+fp/hard\libc.a
LOAD D:/ST/STM32CubeIDE_1.14.1/STM32CubeIDE/plugins/com.st.stm32cube.ide.mcu.externaltools.gnu-tools-for-stm32.11.3.rel1.win32_1.1.100.202309141235/tools/bin/../lib/gcc/arm-none-eabi/11.3.1/../../../../arm-none-eabi/lib/thumb/v7e-m+fp/hard\libm.a
LOAD D:/ST/STM32CubeIDE_1.14.1/STM32CubeIDE/plugins/com.st.stm32cube.ide.mcu.externaltools.gnu-tools-for-stm32.11.3.rel1.win32_1.1.100.202309141235/tools/bin/../lib/gcc/arm-none-eabi/11.3.1/thumb/v7e-m+fp/hard\libgcc.a

.comment        0x0000000000000000       0x43
 .comment       0x0000000000000000       0x43 D:/ST/STM32CubeIDE_1.14.1/STM32CubeIDE/plugins/com.st.stm32cube.ide.mcu.externaltools.gnu-tools-for-stm32.11.3.rel1.win32_1.1.100.202309141235/tools/bin/../lib/gcc/arm-none-eabi/11.3.1/thumb/v7e-m+fp/hard/crtbegin.o
                                         0x44 (size before relaxing)
 .comment       0x0000000000000043       0x44 ./Core/Src/main.o
 .comment       0x0000000000000043       0x44 ./Core/Src/ssd1306.o
 .comment       0x0000000000000043       0x44 ./Core/Src/ssd1306_tests.o
 .comment       0x0000000000000043       0x44 ./Core/Src/stm32f4xx_hal_msp.o
 .comment       0x0000000000000043       0x44 ./Core/Src/stm32f4xx_it.o
 .comment       0x0000000000000043       0x44 ./Core/Src/system_stm32f4xx.o
 .comment       0x0000000000000043       0x44 ./Drivers/STM32F4xx_HAL_Driver/Src/stm32f4xx_hal.o
 .comment       0x0000000000000043       0x44 ./Drivers/STM32F4xx_HAL_Driver/Src/stm32f4xx_hal_cortex.o
 .comment       0x0000000000000043       0x44 ./Drivers/STM32F4xx_HAL_Driver/Src/stm32f4xx_hal_gpio.o
 .comment       0x0000000000000043       0x44 ./Drivers/STM32F4xx_HAL_Driver/Src/stm32f4xx_hal_i2c.o
 .comment       0x0000000000000043       0x44 ./Drivers/STM32F4xx_HAL_Driver/Src/stm32f4xx_hal_rcc.o
 .comment       0x0000000000000043       0x44 ./Drivers/STM32F4xx_HAL_Driver/Src/stm32f4xx_hal_rcc_ex.o
 .comment       0x0000000000000043       0x44 ./Drivers/STM32F4xx_HAL_Driver/Src/stm32f4xx_hal_uart.o

.debug_info     0x0000000000000000     0xbe0c
 .debug_info    0x0000000000000000      0xeaf ./Core/Src/main.o
 .debug_info    0x0000000000000eaf     0x11ca ./Core/Src/ssd1306.o
 .debug_info    0x0000000000002079      0x6fb ./Core/Src/ssd1306_tests.o
 .debug_info    0x0000000000002774      0xc4c ./Core/Src/stm32f4xx_hal_msp.o
 .debug_info    0x00000000000033c0      0x112 ./Core/Src/stm32f4xx_it.o
 .debug_info    0x00000000000034d2      0x54a ./Core/Src/system_stm32f4xx.o
 .debug_info    0x0000000000003a1c       0x23 ./Core/Startup/startup_stm32f446retx.o
 .debug_info    0x0000000000003a3f      0x99a ./Drivers/STM32F4xx_HAL_Driver/Src/stm32f4xx_hal.o
 .debug_info    0x00000000000043d9      0xd75 ./Drivers/STM32F4xx_HAL_Driver/Src/stm32f4xx_hal_cortex.o
 .debug_info    0x000000000000514e      0x70b ./Drivers/STM32F4xx_HAL_Driver/Src/stm32f4xx_hal_gpio.o
 .debug_info    0x0000000000005859     0x2421 ./Drivers/STM32F4xx_HAL_Driver/Src/stm32f4xx_hal_i2c.o
 .debug_info    0x0000000000007c7a      0x8ed ./Drivers/STM32F4xx_HAL_Driver/Src/stm32f4xx_hal_rcc.o
 .debug_info    0x0000000000008567      0x956 ./Drivers/STM32F4xx_HAL_Driver/Src/stm32f4xx_hal_rcc_ex.o
 .debug_info    0x0000000000008ebd     0x2f4f ./Drivers/STM32F4xx_HAL_Driver/Src/stm32f4xx_hal_uart.o

.debug_abbrev   0x0000000000000000     0x1cde
 .debug_abbrev  0x0000000000000000      0x27f ./Core/Src/main.o
 .debug_abbrev  0x000000000000027f      0x362 ./Core/Src/ssd1306.o
 .debug_abbrev  0x00000000000005e1      0x211 ./Core/Src/ssd1306_tests.o
 .debug_abbrev  0x00000000000007f2      0x1c2 ./Core/Src/stm32f4xx_hal_msp.o
 .debug_abbrev  0x00000000000009b4       0x73 ./Core/Src/stm32f4xx_it.o
 .debug_abbrev  0x0000000000000a27      0x11a ./Core/Src/system_stm32f4xx.o
 .debug_abbrev  0x0000000000000b41       0x12 ./Core/Startup/startup_stm32f446retx.o
 .debug_abbrev  0x0000000000000b53      0x214 ./Drivers/STM32F4xx_HAL_Driver/Src/stm32f4xx_hal.o
 .debug_abbrev  0x0000000000000d67      0x328 ./Drivers/STM32F4xx_HAL_Driver/Src/stm32f4xx_hal_cortex.o
 .debug_abbrev  0x000000000000108f      0x1d4 ./Drivers/STM32F4xx_HAL_Driver/Src/stm32f4xx_hal_gpio.o
 .debug_abbrev  0x0000000000001263      0x2ad ./Drivers/STM32F4xx_HAL_Driver/Src/stm32f4xx_hal_i2c.o
 .debug_abbrev  0x0000000000001510      0x2b6 ./Drivers/STM32F4xx_HAL_Driver/Src/stm32f4xx_hal_rcc.o
 .debug_abbrev  0x00000000000017c6      0x20a ./Drivers/STM32F4xx_HAL_Driver/Src/stm32f4xx_hal_rcc_ex.o
 .debug_abbrev  0x00000000000019d0      0x30e ./Drivers/STM32F4xx_HAL_Driver/Src/stm32f4xx_hal_uart.o

.debug_aranges  0x0000000000000000      0xaa8
 .debug_aranges
                0x0000000000000000       0x48 ./Core/Src/main.o
 .debug_aranges
                0x0000000000000048       0xe0 ./Core/Src/ssd1306.o
 .debug_aranges
                0x0000000000000128       0x78 ./Core/Src/ssd1306_tests.o
 .debug_aranges
                0x00000000000001a0       0x40 ./Core/Src/stm32f4xx_hal_msp.o
 .debug_aranges
                0x00000000000001e0       0x60 ./Core/Src/stm32f4xx_it.o
 .debug_aranges
                0x0000000000000240       0x28 ./Core/Src/system_stm32f4xx.o
 .debug_aranges
                0x0000000000000268       0x28 ./Core/Startup/startup_stm32f446retx.o
 .debug_aranges
                0x0000000000000290       0xf0 ./Drivers/STM32F4xx_HAL_Driver/Src/stm32f4xx_hal.o
 .debug_aranges
                0x0000000000000380      0x120 ./Drivers/STM32F4xx_HAL_Driver/Src/stm32f4xx_hal_cortex.o
 .debug_aranges
                0x00000000000004a0       0x58 ./Drivers/STM32F4xx_HAL_Driver/Src/stm32f4xx_hal_gpio.o
 .debug_aranges
                0x00000000000004f8      0x2a8 ./Drivers/STM32F4xx_HAL_Driver/Src/stm32f4xx_hal_i2c.o
 .debug_aranges
                0x00000000000007a0       0x88 ./Drivers/STM32F4xx_HAL_Driver/Src/stm32f4xx_hal_rcc.o
 .debug_aranges
                0x0000000000000828       0x78 ./Drivers/STM32F4xx_HAL_Driver/Src/stm32f4xx_hal_rcc_ex.o
 .debug_aranges
                0x00000000000008a0      0x208 ./Drivers/STM32F4xx_HAL_Driver/Src/stm32f4xx_hal_uart.o

.debug_rnglists
                0x0000000000000000      0x85b
 .debug_rnglists
                0x0000000000000000       0x33 ./Core/Src/main.o
 .debug_rnglists
                0x0000000000000033       0xad ./Core/Src/ssd1306.o
 .debug_rnglists
                0x00000000000000e0       0x5a ./Core/Src/ssd1306_tests.o
 .debug_rnglists
                0x000000000000013a       0x2d ./Core/Src/stm32f4xx_hal_msp.o
 .debug_rnglists
                0x0000000000000167       0x43 ./Core/Src/stm32f4xx_it.o
 .debug_rnglists
                0x00000000000001aa       0x1a ./Core/Src/system_stm32f4xx.o
 .debug_rnglists
                0x00000000000001c4       0x19 ./Core/Startup/startup_stm32f446retx.o
 .debug_rnglists
                0x00000000000001dd       0xaf ./Drivers/STM32F4xx_HAL_Driver/Src/stm32f4xx_hal.o
 .debug_rnglists
                0x000000000000028c       0xd4 ./Drivers/STM32F4xx_HAL_Driver/Src/stm32f4xx_hal_cortex.o
 .debug_rnglists
                0x0000000000000360       0x3f ./Drivers/STM32F4xx_HAL_Driver/Src/stm32f4xx_hal_gpio.o
 .debug_rnglists
                0x000000000000039f      0x23c ./Drivers/STM32F4xx_HAL_Driver/Src/stm32f4xx_hal_i2c.o
 .debug_rnglists
                0x00000000000005db       0x66 ./Drivers/STM32F4xx_HAL_Driver/Src/stm32f4xx_hal_rcc.o
 .debug_rnglists
                0x0000000000000641       0x5e ./Drivers/STM32F4xx_HAL_Driver/Src/stm32f4xx_hal_rcc_ex.o
 .debug_rnglists
                0x000000000000069f      0x1bc ./Drivers/STM32F4xx_HAL_Driver/Src/stm32f4xx_hal_uart.o

.debug_macro    0x0000000000000000    0x21bb1
 .debug_macro   0x0000000000000000      0x247 ./Core/Src/main.o
 .debug_macro   0x0000000000000247      0xaa8 ./Core/Src/main.o
 .debug_macro   0x0000000000000cef      0x29b ./Core/Src/main.o
 .debug_macro   0x0000000000000f8a       0x2e ./Core/Src/main.o
 .debug_macro   0x0000000000000fb8       0x28 ./Core/Src/main.o
 .debug_macro   0x0000000000000fe0       0x22 ./Core/Src/main.o
 .debug_macro   0x0000000000001002       0x8e ./Core/Src/main.o
 .debug_macro   0x0000000000001090       0x51 ./Core/Src/main.o
 .debug_macro   0x00000000000010e1      0x103 ./Core/Src/main.o
 .debug_macro   0x00000000000011e4       0x6a ./Core/Src/main.o
 .debug_macro   0x000000000000124e      0x1df ./Core/Src/main.o
 .debug_macro   0x000000000000142d       0x1c ./Core/Src/main.o
 .debug_macro   0x0000000000001449       0x22 ./Core/Src/main.o
 .debug_macro   0x000000000000146b       0xfb ./Core/Src/main.o
 .debug_macro   0x0000000000001566     0x1011 ./Core/Src/main.o
 .debug_macro   0x0000000000002577      0x11f ./Core/Src/main.o
 .debug_macro   0x0000000000002696    0x16749 ./Core/Src/main.o
 .debug_macro   0x0000000000018ddf       0x6d ./Core/Src/main.o
 .debug_macro   0x0000000000018e4c     0x368c ./Core/Src/main.o
 .debug_macro   0x000000000001c4d8      0x174 ./Core/Src/main.o
 .debug_macro   0x000000000001c64c       0x5c ./Core/Src/main.o
 .debug_macro   0x000000000001c6a8      0xca5 ./Core/Src/main.o
 .debug_macro   0x000000000001d34d      0x9e9 ./Core/Src/main.o
 .debug_macro   0x000000000001dd36      0x115 ./Core/Src/main.o
 .debug_macro   0x000000000001de4b      0x1a0 ./Core/Src/main.o
 .debug_macro   0x000000000001dfeb       0xa5 ./Core/Src/main.o
 .debug_macro   0x000000000001e090      0x16d ./Core/Src/main.o
 .debug_macro   0x000000000001e1fd      0x287 ./Core/Src/main.o
 .debug_macro   0x000000000001e484       0x5f ./Core/Src/main.o
 .debug_macro   0x000000000001e4e3      0x236 ./Core/Src/main.o
 .debug_macro   0x000000000001e719      0x132 ./Core/Src/main.o
 .debug_macro   0x000000000001e84b      0x29c ./Core/Src/main.o
 .debug_macro   0x000000000001eae7       0x2e ./Core/Src/main.o
 .debug_macro   0x000000000001eb15      0x1b5 ./Core/Src/main.o
 .debug_macro   0x000000000001ecca       0x22 ./Core/Src/main.o
 .debug_macro   0x000000000001ecec       0xd6 ./Core/Src/main.o
 .debug_macro   0x000000000001edc2      0x127 ./Core/Src/main.o
 .debug_macro   0x000000000001eee9       0xe8 ./Core/Src/main.o
 .debug_macro   0x000000000001efd1       0x89 ./Core/Src/main.o
 .debug_macro   0x000000000001f05a      0x2aa ./Core/Src/main.o
 .debug_macro   0x000000000001f304      0x126 ./Core/Src/main.o
 .debug_macro   0x000000000001f42a       0x58 ./Core/Src/main.o
 .debug_macro   0x000000000001f482       0x61 ./Core/Src/main.o
 .debug_macro   0x000000000001f4e3       0x2a ./Core/Src/main.o
 .debug_macro   0x000000000001f50d       0x43 ./Core/Src/main.o
 .debug_macro   0x000000000001f550       0x34 ./Core/Src/main.o
 .debug_macro   0x000000000001f584       0x40 ./Core/Src/main.o
 .debug_macro   0x000000000001f5c4       0x10 ./Core/Src/main.o
 .debug_macro   0x000000000001f5d4       0x40 ./Core/Src/main.o
 .debug_macro   0x000000000001f614      0x307 ./Core/Src/ssd1306.o
 .debug_macro   0x000000000001f91b       0x5b ./Core/Src/ssd1306.o
 .debug_macro   0x000000000001f976       0x94 ./Core/Src/ssd1306.o
 .debug_macro   0x000000000001fa0a       0x28 ./Core/Src/ssd1306.o
 .debug_macro   0x000000000001fa32       0x57 ./Core/Src/ssd1306.o
 .debug_macro   0x000000000001fa89       0x16 ./Core/Src/ssd1306.o
 .debug_macro   0x000000000001fa9f       0x43 ./Core/Src/ssd1306.o
 .debug_macro   0x000000000001fae2       0x34 ./Core/Src/ssd1306.o
 .debug_macro   0x000000000001fb16       0x10 ./Core/Src/ssd1306.o
 .debug_macro   0x000000000001fb26       0x58 ./Core/Src/ssd1306.o
 .debug_macro   0x000000000001fb7e       0x8e ./Core/Src/ssd1306.o
 .debug_macro   0x000000000001fc0c       0x1c ./Core/Src/ssd1306.o
 .debug_macro   0x000000000001fc28      0x177 ./Core/Src/ssd1306.o
 .debug_macro   0x000000000001fd9f      0x369 ./Core/Src/ssd1306.o
 .debug_macro   0x0000000000020108      0x19b ./Core/Src/ssd1306.o
 .debug_macro   0x00000000000202a3       0x16 ./Core/Src/ssd1306.o
 .debug_macro   0x00000000000202b9       0x35 ./Core/Src/ssd1306.o
 .debug_macro   0x00000000000202ee       0x16 ./Core/Src/ssd1306.o
 .debug_macro   0x0000000000020304       0x29 ./Core/Src/ssd1306.o
 .debug_macro   0x000000000002032d       0x16 ./Core/Src/ssd1306.o
 .debug_macro   0x0000000000020343       0x20 ./Core/Src/ssd1306.o
 .debug_macro   0x0000000000020363      0x304 ./Core/Src/ssd1306_tests.o
 .debug_macro   0x0000000000020667       0x10 ./Core/Src/ssd1306_tests.o
 .debug_macro   0x0000000000020677       0x1c ./Core/Src/ssd1306_tests.o
 .debug_macro   0x0000000000020693       0x10 ./Core/Src/ssd1306_tests.o
 .debug_macro   0x00000000000206a3       0x1c ./Core/Src/ssd1306_tests.o
 .debug_macro   0x00000000000206bf       0x16 ./Core/Src/ssd1306_tests.o
 .debug_macro   0x00000000000206d5      0x147 ./Core/Src/ssd1306_tests.o
 .debug_macro   0x000000000002081c       0x56 ./Core/Src/ssd1306_tests.o
 .debug_macro   0x0000000000020872      0x1e2 ./Core/Src/stm32f4xx_hal_msp.o
 .debug_macro   0x0000000000020a54      0x1ec ./Core/Src/stm32f4xx_it.o
 .debug_macro   0x0000000000020c40      0x1d3 ./Core/Src/system_stm32f4xx.o
 .debug_macro   0x0000000000020e13      0x233 ./Drivers/STM32F4xx_HAL_Driver/Src/stm32f4xx_hal.o
 .debug_macro   0x0000000000021046      0x1d3 ./Drivers/STM32F4xx_HAL_Driver/Src/stm32f4xx_hal_cortex.o
 .debug_macro   0x0000000000021219      0x1d9 ./Drivers/STM32F4xx_HAL_Driver/Src/stm32f4xx_hal_gpio.o
 .debug_macro   0x00000000000213f2      0x221 ./Drivers/STM32F4xx_HAL_Driver/Src/stm32f4xx_hal_i2c.o
 .debug_macro   0x0000000000021613      0x1f7 ./Drivers/STM32F4xx_HAL_Driver/Src/stm32f4xx_hal_rcc.o
 .debug_macro   0x000000000002180a      0x1d3 ./Drivers/STM32F4xx_HAL_Driver/Src/stm32f4xx_hal_rcc_ex.o
 .debug_macro   0x00000000000219dd      0x1d4 ./Drivers/STM32F4xx_HAL_Driver/Src/stm32f4xx_hal_uart.o

.debug_line     0x0000000000000000     0xe63b
 .debug_line    0x0000000000000000      0x9a0 ./Core/Src/main.o
 .debug_line    0x00000000000009a0     0x1056 ./Core/Src/ssd1306.o
 .debug_line    0x00000000000019f6      0xb94 ./Core/Src/ssd1306_tests.o
 .debug_line    0x000000000000258a      0x7eb ./Core/Src/stm32f4xx_hal_msp.o
 .debug_line    0x0000000000002d75      0x811 ./Core/Src/stm32f4xx_it.o
 .debug_line    0x0000000000003586      0x7d0 ./Core/Src/system_stm32f4xx.o
 .debug_line    0x0000000000003d56       0x7a ./Core/Startup/startup_stm32f446retx.o
 .debug_line    0x0000000000003dd0      0xa36 ./Drivers/STM32F4xx_HAL_Driver/Src/stm32f4xx_hal.o
 .debug_line    0x0000000000004806      0xd02 ./Drivers/STM32F4xx_HAL_Driver/Src/stm32f4xx_hal_cortex.o
 .debug_line    0x0000000000005508      0xb96 ./Drivers/STM32F4xx_HAL_Driver/Src/stm32f4xx_hal_gpio.o
 .debug_line    0x000000000000609e     0x3a98 ./Drivers/STM32F4xx_HAL_Driver/Src/stm32f4xx_hal_i2c.o
 .debug_line    0x0000000000009b36      0xdbb ./Drivers/STM32F4xx_HAL_Driver/Src/stm32f4xx_hal_rcc.o
 .debug_line    0x000000000000a8f1     0x1457 ./Drivers/STM32F4xx_HAL_Driver/Src/stm32f4xx_hal_rcc_ex.o
 .debug_line    0x000000000000bd48     0x28f3 ./Drivers/STM32F4xx_HAL_Driver/Src/stm32f4xx_hal_uart.o

.debug_str      0x0000000000000000    0xcb846
 .debug_str     0x0000000000000000    0xc4bde ./Core/Src/main.o
                                      0xc4f0d (size before relaxing)
 .debug_str     0x00000000000c4bde     0x3b24 ./Core/Src/ssd1306.o
                                      0xc837b (size before relaxing)
 .debug_str     0x00000000000c8702      0x8a8 ./Core/Src/ssd1306_tests.o
                                      0xc7b53 (size before relaxing)
 .debug_str     0x00000000000c8faa       0xaa ./Core/Src/stm32f4xx_hal_msp.o
                                      0xc47a5 (size before relaxing)
 .debug_str     0x00000000000c9054       0xc9 ./Core/Src/stm32f4xx_it.o
                                      0xc3f2d (size before relaxing)
 .debug_str     0x00000000000c911d       0xdb ./Core/Src/system_stm32f4xx.o
                                      0xc3f56 (size before relaxing)
 .debug_str     0x00000000000c91f8       0x34 ./Core/Startup/startup_stm32f446retx.o
                                         0x70 (size before relaxing)
 .debug_str     0x00000000000c922c      0xb05 ./Drivers/STM32F4xx_HAL_Driver/Src/stm32f4xx_hal.o
                                      0xc4b1b (size before relaxing)
 .debug_str     0x00000000000c9d31      0x357 ./Drivers/STM32F4xx_HAL_Driver/Src/stm32f4xx_hal_cortex.o
                                      0xc4840 (size before relaxing)
 .debug_str     0x00000000000ca088      0x121 ./Drivers/STM32F4xx_HAL_Driver/Src/stm32f4xx_hal_gpio.o
                                      0xc40d1 (size before relaxing)
 .debug_str     0x00000000000ca1a9      0xb4a ./Drivers/STM32F4xx_HAL_Driver/Src/stm32f4xx_hal_i2c.o
                                      0xc4f54 (size before relaxing)
 .debug_str     0x00000000000cacf3      0x213 ./Drivers/STM32F4xx_HAL_Driver/Src/stm32f4xx_hal_rcc.o
                                      0xc438f (size before relaxing)
 .debug_str     0x00000000000caf06      0x324 ./Drivers/STM32F4xx_HAL_Driver/Src/stm32f4xx_hal_rcc_ex.o
                                      0xc43c2 (size before relaxing)
 .debug_str     0x00000000000cb22a      0x61c ./Drivers/STM32F4xx_HAL_Driver/Src/stm32f4xx_hal_uart.o
                                      0xc4946 (size before relaxing)

.debug_frame    0x0000000000000000     0x2c40
 .debug_frame   0x0000000000000000       0xc4 ./Core/Src/main.o
 .debug_frame   0x00000000000000c4      0x3bc ./Core/Src/ssd1306.o
 .debug_frame   0x0000000000000480      0x1c8 ./Core/Src/ssd1306_tests.o
 .debug_frame   0x0000000000000648       0xc4 ./Core/Src/stm32f4xx_hal_msp.o
 .debug_frame   0x000000000000070c      0x104 ./Core/Src/stm32f4xx_it.o
 .debug_frame   0x0000000000000810       0x58 ./Core/Src/system_stm32f4xx.o
 .debug_frame   0x0000000000000868      0x374 ./Drivers/STM32F4xx_HAL_Driver/Src/stm32f4xx_hal.o
 .debug_frame   0x0000000000000bdc      0x4b8 ./Drivers/STM32F4xx_HAL_Driver/Src/stm32f4xx_hal_cortex.o
 .debug_frame   0x0000000000001094      0x14c ./Drivers/STM32F4xx_HAL_Driver/Src/stm32f4xx_hal_gpio.o
 .debug_frame   0x00000000000011e0      0xc84 ./Drivers/STM32F4xx_HAL_Driver/Src/stm32f4xx_hal_i2c.o
 .debug_frame   0x0000000000001e64      0x1f4 ./Drivers/STM32F4xx_HAL_Driver/Src/stm32f4xx_hal_rcc.o
 .debug_frame   0x0000000000002058      0x1e8 ./Drivers/STM32F4xx_HAL_Driver/Src/stm32f4xx_hal_rcc_ex.o
 .debug_frame   0x0000000000002240      0x954 ./Drivers/STM32F4xx_HAL_Driver/Src/stm32f4xx_hal_uart.o
 .debug_frame   0x0000000000002b94       0x20 D:/ST/STM32CubeIDE_1.14.1/STM32CubeIDE/plugins/com.st.stm32cube.ide.mcu.externaltools.gnu-tools-for-stm32.11.3.rel1.win32_1.1.100.202309141235/tools/bin/../lib/gcc/arm-none-eabi/11.3.1/../../../../arm-none-eabi/lib/thumb/v7e-m+fp/hard\libc_nano.a(libc_a-memset.o)
 .debug_frame   0x0000000000002bb4       0x2c D:/ST/STM32CubeIDE_1.14.1/STM32CubeIDE/plugins/com.st.stm32cube.ide.mcu.externaltools.gnu-tools-for-stm32.11.3.rel1.win32_1.1.100.202309141235/tools/bin/../lib/gcc/arm-none-eabi/11.3.1/../../../../arm-none-eabi/lib/thumb/v7e-m+fp/hard\libc_nano.a(libc_a-init.o)
 .debug_frame   0x0000000000002be0       0x2c D:/ST/STM32CubeIDE_1.14.1/STM32CubeIDE/plugins/com.st.stm32cube.ide.mcu.externaltools.gnu-tools-for-stm32.11.3.rel1.win32_1.1.100.202309141235/tools/bin/../lib/gcc/arm-none-eabi/11.3.1/thumb/v7e-m+fp/hard\libgcc.a(_aeabi_uldivmod.o)
 .debug_frame   0x0000000000002c0c       0x34 D:/ST/STM32CubeIDE_1.14.1/STM32CubeIDE/plugins/com.st.stm32cube.ide.mcu.externaltools.gnu-tools-for-stm32.11.3.rel1.win32_1.1.100.202309141235/tools/bin/../lib/gcc/arm-none-eabi/11.3.1/thumb/v7e-m+fp/hard\libgcc.a(_udivmoddi4.o)

.debug_line_str
                0x0000000000000000       0x64
 .debug_line_str
                0x0000000000000000       0x64 ./Core/Startup/startup_stm32f446retx.o
                                         0x7c (size before relaxing)
