../Core/Src/stm32f4xx_it.c:79:6:NMI_Handler	4	static
../Core/Src/stm32f4xx_it.c:94:6:HardFault_Handler	4	static
../Core/Src/stm32f4xx_it.c:109:6:MemManage_Handler	4	static
../Core/Src/stm32f4xx_it.c:124:6:BusFault_Handler	4	static
../Core/Src/stm32f4xx_it.c:139:6:UsageFault_Handler	4	static
../Core/Src/stm32f4xx_it.c:154:6:DebugMon_Handler	4	static
../Core/Src/stm32f4xx_it.c:174:6:PVD_IRQHandler	8	static
../Core/Src/stm32f4xx_it.c:188:6:FLASH_IRQHandler	8	static
../Core/Src/stm32f4xx_it.c:202:6:RCC_IRQHandler	4	static
../Core/Src/stm32f4xx_it.c:215:6:EXTI1_IRQHandler	8	static
../Core/Src/stm32f4xx_it.c:229:6:EXTI4_IRQHandler	8	static
../Core/Src/stm32f4xx_it.c:243:6:DMA1_Stream5_IRQHandler	8	static
../Core/Src/stm32f4xx_it.c:257:6:DMA1_Stream6_IRQHandler	8	static
../Core/Src/stm32f4xx_it.c:271:6:ADC_IRQHandler	8	static
../Core/Src/stm32f4xx_it.c:285:6:EXTI9_5_IRQHandler	8	static
../Core/Src/stm32f4xx_it.c:300:6:TIM4_IRQHandler	8	static
../Core/Src/stm32f4xx_it.c:314:6:I2C1_EV_IRQHandler	8	static
../Core/Src/stm32f4xx_it.c:328:6:I2C1_ER_IRQHandler	8	static
../Core/Src/stm32f4xx_it.c:342:6:I2C2_EV_IRQHandler	8	static
../Core/Src/stm32f4xx_it.c:356:6:I2C2_ER_IRQHandler	8	static
../Core/Src/stm32f4xx_it.c:370:6:EXTI15_10_IRQHandler	8	static
../Core/Src/stm32f4xx_it.c:384:6:TIM6_DAC_IRQHandler	8	static
../Core/Src/stm32f4xx_it.c:401:6:DMA2_Stream4_IRQHandler	8	static
../Core/Src/stm32f4xx_it.c:415:6:I2C3_EV_IRQHandler	8	static
../Core/Src/stm32f4xx_it.c:429:6:I2C3_ER_IRQHandler	8	static
