../Core/Src/main.c:634:6:HAL_GPIO_EXTI_Callback	24	static
../Core/Src/main.c:676:5:main	8	static
../Core/Src/main.c:766:6:SystemClock_Config	88	static
../Core/Src/main.c:821:13:MX_I2C1_Init	8	static
../Core/Src/main.c:855:13:MX_TIM2_Init	64	static
../Core/Src/main.c:914:13:MX_USART2_UART_Init	8	static
../Core/Src/main.c:947:13:MX_GPIO_Init	48	static
../Core/Src/main.c:1021:6:StartBlinker	24	static
../Core/Src/main.c:1051:6:StartOled	24	static
../Core/Src/main.c:1129:6:HAL_TIM_PeriodElapsedCallback	16	static
../Core/Src/main.c:1146:6:Error_Handler	4	static,ignoring_inline_asm
