../Core/Src/main.c:627:6:HAL_GPIO_EXTI_Callback	16	static
../Core/Src/main.c:657:5:main	8	static
../Core/Src/main.c:746:6:SystemClock_Config	88	static
../Core/Src/main.c:801:13:MX_I2C1_Init	8	static
../Core/Src/main.c:835:13:MX_TIM2_Init	64	static
../Core/Src/main.c:894:13:MX_USART2_UART_Init	8	static
../Core/Src/main.c:927:13:MX_GPIO_Init	48	static
../Core/Src/main.c:989:6:StartBlinker	24	static
../Core/Src/main.c:1019:6:StartOled	24	static
../Core/Src/main.c:1084:6:HAL_TIM_PeriodElapsedCallback	16	static
../Core/Src/main.c:1101:6:Error_Handler	4	static,ignoring_inline_asm
